[2026-07-27 20:02:42.062] [Info] === Azure DevOps Wiki Migration Started ===
[2026-07-27 20:03:14.139] [Success] Connected to source and target projects.
[2026-07-27 20:03:14.412] [Info] Reading source wiki 'ProServ-Model-Combo-Project.wiki'.
[2026-07-27 20:03:14.901] [Info] Retrieved content for '/Dashboards & Purpose'.
[2026-07-27 20:03:17.056] [Info] Retrieved content for '/Environment Definitions'.
[2026-07-27 20:03:17.832] [Info] Retrieved content for '/Project Stages'.
[2026-07-27 20:03:18.092] [Info] Retrieved content for '/Project Stages/Deployment'.
[2026-07-27 20:03:18.532] [Info] Retrieved content for '/Project Stages/Deployment/CRP - Conference Room Pilot'.
[2026-07-27 20:03:19.058] [Info] Retrieved content for '/Project Stages/Deployment/Cutover'.
[2026-07-27 20:03:19.539] [Info] Retrieved content for '/Project Stages/Deployment/Mock Go Live'.
[2026-07-27 20:03:19.897] [Info] Retrieved content for '/Project Stages/Deployment/Performance Testing'.
[2026-07-27 20:03:20.163] [Info] Retrieved content for '/Project Stages/Deployment/UAT - User Acceptance Testing'.
[2026-07-27 20:03:20.856] [Info] Retrieved content for '/Project Stages/Design and Build'.
[2026-07-27 20:03:21.174] [Info] Retrieved content for '/Project Stages/Design and Build/Iterations'.
[2026-07-27 20:03:22.265] [Info] Retrieved content for '/Project Stages/Design and Build/Iterations/Design and Build Tips for Success'.
[2026-07-27 20:03:22.758] [Info] Retrieved content for '/Project Stages/Design and Build/Iterations/Workshops'.
[2026-07-27 20:03:23.084] [Info] Retrieved content for '/Project Stages/Design and Build/Test Management'.
[2026-07-27 20:03:23.515] [Info] Retrieved content for '/Project Stages/Go Live & Hypercare'.
[2026-07-27 20:03:23.996] [Info] Retrieved content for '/Project Stages/Go Live & Hypercare/Hypercare'.
[2026-07-27 20:03:24.516] [Info] Retrieved content for '/Project Stages/Project Initiation'.
[2026-07-27 20:03:24.897] [Info] Retrieved content for '/Project Stages/Project Initiation/Questionnaire'.
[2026-07-27 20:03:25.192] [Info] Retrieved content for '/Project Stages/Project Initiation/Solution Validation'.
[2026-07-27 20:03:25.574] [Info] Retrieved content for '/Project Stages/Stabilization - Should this be Maintain - that is what is in the PMO intro deck'.
[2026-07-27 20:03:25.824] [Info] Retrieved content for '/Project Stages/Stabilization - Should this be Maintain - that is what is in the PMO intro deck/Phase 2'.
[2026-07-27 20:03:26.190] [Info] Retrieved content for '/Project Stages/Stabilization - Should this be Maintain - that is what is in the PMO intro deck/Transition to Managed Services'.
[2026-07-27 20:03:26.659] [Info] Retrieved content for '/Project Summary'.
[2026-07-27 20:03:26.906] [Info] Retrieved content for '/Project Timeline (High Level)'.
[2026-07-27 20:03:27.211] [Info] Retrieved content for '/Requirement to Gap to Development Flow'.
[2026-07-27 20:03:27.558] [Info] Retrieved content for '/Work Item Definitions'.
[2026-07-27 20:03:27.834] [Info] Retrieved content for '/Work Item Definitions/Bug Work Item'.
[2026-07-27 20:03:28.238] [Info] Retrieved content for '/Work Item Definitions/Configuration Work Item'.
[2026-07-27 20:03:29.755] [Info] Retrieved content for '/Work Item Definitions/Data Migration Work Item'.
[2026-07-27 20:03:30.344] [Info] Retrieved content for '/Work Item Definitions/Decision Work Item'.
[2026-07-27 20:03:30.830] [Info] Retrieved content for '/Work Item Definitions/Deliverable Work Item'.
[2026-07-27 20:03:31.547] [Info] Retrieved content for '/Work Item Definitions/GAP Work Item'.
[2026-07-27 20:03:32.414] [Info] Retrieved content for '/Work Item Definitions/Issue Work Item'.
[2026-07-27 20:03:32.693] [Info] Retrieved content for '/Work Item Definitions/Question Work Item'.
[2026-07-27 20:03:33.017] [Info] Retrieved content for '/Work Item Definitions/Requirement Work Item'.
[2026-07-27 20:03:33.568] [Info] Retrieved content for '/Work Item Definitions/Test Case Work Item'.
[2026-07-27 20:03:34.855] [Info] Retrieved content for '/Work Item Definitions/User Story Work Item'.
[2026-07-27 20:03:35.056] [Success] Retrieved content for 37 source page(s).
[2026-07-27 20:03:36.123] [Info] Using existing target wiki 'Unity---HSO'.
[2026-07-27 20:03:36.803] [Info] Preflighting 15 referenced wiki attachment(s).
[2026-07-27 20:03:38.291] [Error] Migration failed: Attachment preflight failed; no target attachments were changed. '/.attachments/image-f15f7ac0-d911-4cad-a7af-ea5f93fc68fc.png' on '/Requirement to Gap to Development Flow' was not found at '/.attachments/image-f15f7ac0-d911-4cad-a7af-ea5f93fc68fc.png' or in its Git history.
