[2026-07-27 18:04:04.587] [Info] === Azure DevOps Wiki Migration Started ===
[2026-07-27 18:04:57.489] [Success] Connected to source and target projects.
[2026-07-27 18:04:57.653] [Info] Reading source wiki 'ProServ-Model-Combo-Project.wiki'.
[2026-07-27 18:04:58.056] [Info] Retrieved content for '/Dashboards & Purpose'.
[2026-07-27 18:04:58.228] [Info] Retrieved content for '/Environment Definitions'.
[2026-07-27 18:04:58.431] [Info] Retrieved content for '/Project Stages'.
[2026-07-27 18:04:58.589] [Info] Retrieved content for '/Project Stages/Deployment'.
[2026-07-27 18:04:58.770] [Info] Retrieved content for '/Project Stages/Deployment/CRP - Conference Room Pilot'.
[2026-07-27 18:04:58.948] [Info] Retrieved content for '/Project Stages/Deployment/Cutover'.
[2026-07-27 18:04:59.105] [Info] Retrieved content for '/Project Stages/Deployment/Mock Go Live'.
[2026-07-27 18:04:59.281] [Info] Retrieved content for '/Project Stages/Deployment/Performance Testing'.
[2026-07-27 18:04:59.439] [Info] Retrieved content for '/Project Stages/Deployment/UAT - User Acceptance Testing'.
[2026-07-27 18:04:59.596] [Info] Retrieved content for '/Project Stages/Design and Build'.
[2026-07-27 18:04:59.746] [Info] Retrieved content for '/Project Stages/Design and Build/Iterations'.
[2026-07-27 18:04:59.904] [Info] Retrieved content for '/Project Stages/Design and Build/Iterations/Design and Build Tips for Success'.
[2026-07-27 18:05:00.091] [Info] Retrieved content for '/Project Stages/Design and Build/Iterations/Workshops'.
[2026-07-27 18:05:00.448] [Info] Retrieved content for '/Project Stages/Design and Build/Test Management'.
[2026-07-27 18:05:00.611] [Info] Retrieved content for '/Project Stages/Go Live & Hypercare'.
[2026-07-27 18:05:00.762] [Info] Retrieved content for '/Project Stages/Go Live & Hypercare/Hypercare'.
[2026-07-27 18:05:00.914] [Info] Retrieved content for '/Project Stages/Project Initiation'.
[2026-07-27 18:05:01.078] [Info] Retrieved content for '/Project Stages/Project Initiation/Questionnaire'.
[2026-07-27 18:05:01.228] [Info] Retrieved content for '/Project Stages/Project Initiation/Solution Validation'.
[2026-07-27 18:05:01.381] [Info] Retrieved content for '/Project Stages/Stabilization - Should this be Maintain - that is what is in the PMO intro deck'.
[2026-07-27 18:05:01.538] [Info] Retrieved content for '/Project Stages/Stabilization - Should this be Maintain - that is what is in the PMO intro deck/Phase 2'.
[2026-07-27 18:05:01.760] [Info] Retrieved content for '/Project Stages/Stabilization - Should this be Maintain - that is what is in the PMO intro deck/Transition to Managed Services'.
[2026-07-27 18:05:01.907] [Info] Retrieved content for '/Project Summary'.
[2026-07-27 18:05:02.060] [Info] Retrieved content for '/Project Timeline (High Level)'.
[2026-07-27 18:05:02.314] [Info] Retrieved content for '/Requirement to Gap to Development Flow'.
[2026-07-27 18:05:02.516] [Info] Retrieved content for '/Work Item Definitions'.
[2026-07-27 18:05:02.780] [Info] Retrieved content for '/Work Item Definitions/Bug Work Item'.
[2026-07-27 18:05:02.960] [Info] Retrieved content for '/Work Item Definitions/Configuration Work Item'.
[2026-07-27 18:05:03.120] [Info] Retrieved content for '/Work Item Definitions/Data Migration Work Item'.
[2026-07-27 18:05:03.276] [Info] Retrieved content for '/Work Item Definitions/Decision Work Item'.
[2026-07-27 18:05:03.438] [Info] Retrieved content for '/Work Item Definitions/Deliverable Work Item'.
[2026-07-27 18:05:03.594] [Info] Retrieved content for '/Work Item Definitions/GAP Work Item'.
[2026-07-27 18:05:03.744] [Info] Retrieved content for '/Work Item Definitions/Issue Work Item'.
[2026-07-27 18:05:03.909] [Info] Retrieved content for '/Work Item Definitions/Question Work Item'.
[2026-07-27 18:05:04.062] [Info] Retrieved content for '/Work Item Definitions/Requirement Work Item'.
[2026-07-27 18:05:04.206] [Info] Retrieved content for '/Work Item Definitions/Test Case Work Item'.
[2026-07-27 18:05:04.362] [Info] Retrieved content for '/Work Item Definitions/User Story Work Item'.
[2026-07-27 18:05:04.391] [Success] Retrieved content for 37 source page(s).
[2026-07-27 18:05:04.541] [Info] Using existing target wiki 'Unity---HSO'.
[2026-07-27 18:05:04.580] [Info] Migrating 15 referenced wiki attachment(s).
[2026-07-27 18:05:04.882] [Error] Migration failed: Azure DevOps PUT failed for 'https://dev.azure.com/AVI-SPL/e50571db-b81f-4a12-9fef-be388dd64409/_apis/wiki/wikis/e8e8b867-90b7-4e22-8b67-7f0e17d80dbc/attachments?name=image-f162321f-9a27-41ee-8827-9aa3c20dbeff.png&api-version=7.1-preview.1' with status 400. 
{
  "$id": "1",
  "innerException": null,
  "message": "The request indicated a Content-Type of \u0022text/plain\u0022 for method type \u0022PUT\u0022 which is not supported. Valid content types for this method are: application/json, application/json-patch\u002Bjson, application/octet-stream.",
  "typeName": "Microsoft.VisualStudio.Services.WebApi.VssRequestContentTypeNotSupportedException, Microsoft.VisualStudio.Services.WebApi",
  "typeKey": "VssRequestContentTypeNotSupportedException",
  "errorCode": 0,
  "eventId": 3000
}
