[2026-07-27 19:09:10.290] [Info] === Azure DevOps Wiki Migration Started ===
[2026-07-27 19:10:26.652] [Success] Connected to source and target projects.
[2026-07-27 19:10:26.789] [Info] Reading source wiki 'ProServ-Model-Combo-Project.wiki'.
[2026-07-27 19:10:28.174] [Info] Retrieved content for '/Dashboards & Purpose'.
[2026-07-27 19:10:28.635] [Info] Retrieved content for '/Environment Definitions'.
[2026-07-27 19:10:29.029] [Info] Retrieved content for '/Project Stages'.
[2026-07-27 19:10:30.294] [Info] Retrieved content for '/Project Stages/Deployment'.
[2026-07-27 19:10:30.573] [Info] Retrieved content for '/Project Stages/Deployment/CRP - Conference Room Pilot'.
[2026-07-27 19:10:32.028] [Info] Retrieved content for '/Project Stages/Deployment/Cutover'.
[2026-07-27 19:10:32.240] [Info] Retrieved content for '/Project Stages/Deployment/Mock Go Live'.
[2026-07-27 19:10:32.615] [Info] Retrieved content for '/Project Stages/Deployment/Performance Testing'.
[2026-07-27 19:10:32.994] [Info] Retrieved content for '/Project Stages/Deployment/UAT - User Acceptance Testing'.
[2026-07-27 19:10:33.423] [Info] Retrieved content for '/Project Stages/Design and Build'.
[2026-07-27 19:10:35.234] [Info] Retrieved content for '/Project Stages/Design and Build/Iterations'.
[2026-07-27 19:10:36.043] [Info] Retrieved content for '/Project Stages/Design and Build/Iterations/Design and Build Tips for Success'.
[2026-07-27 19:10:36.631] [Info] Retrieved content for '/Project Stages/Design and Build/Iterations/Workshops'.
[2026-07-27 19:10:36.979] [Info] Retrieved content for '/Project Stages/Design and Build/Test Management'.
[2026-07-27 19:10:37.220] [Info] Retrieved content for '/Project Stages/Go Live & Hypercare'.
[2026-07-27 19:10:37.569] [Info] Retrieved content for '/Project Stages/Go Live & Hypercare/Hypercare'.
[2026-07-27 19:10:38.019] [Info] Retrieved content for '/Project Stages/Project Initiation'.
[2026-07-27 19:10:39.345] [Info] Retrieved content for '/Project Stages/Project Initiation/Questionnaire'.
[2026-07-27 19:10:39.791] [Info] Retrieved content for '/Project Stages/Project Initiation/Solution Validation'.
[2026-07-27 19:10:40.492] [Info] Retrieved content for '/Project Stages/Stabilization - Should this be Maintain - that is what is in the PMO intro deck'.
[2026-07-27 19:10:41.510] [Info] Retrieved content for '/Project Stages/Stabilization - Should this be Maintain - that is what is in the PMO intro deck/Phase 2'.
[2026-07-27 19:10:42.265] [Info] Retrieved content for '/Project Stages/Stabilization - Should this be Maintain - that is what is in the PMO intro deck/Transition to Managed Services'.
[2026-07-27 19:10:42.842] [Info] Retrieved content for '/Project Summary'.
[2026-07-27 19:10:44.310] [Info] Retrieved content for '/Project Timeline (High Level)'.
[2026-07-27 19:10:44.903] [Info] Retrieved content for '/Requirement to Gap to Development Flow'.
[2026-07-27 19:10:45.388] [Info] Retrieved content for '/Work Item Definitions'.
[2026-07-27 19:10:45.648] [Info] Retrieved content for '/Work Item Definitions/Bug Work Item'.
[2026-07-27 19:10:46.012] [Info] Retrieved content for '/Work Item Definitions/Configuration Work Item'.
[2026-07-27 19:10:46.415] [Info] Retrieved content for '/Work Item Definitions/Data Migration Work Item'.
[2026-07-27 19:10:46.807] [Info] Retrieved content for '/Work Item Definitions/Decision Work Item'.
[2026-07-27 19:10:47.322] [Info] Retrieved content for '/Work Item Definitions/Deliverable Work Item'.
[2026-07-27 19:10:47.800] [Info] Retrieved content for '/Work Item Definitions/GAP Work Item'.
[2026-07-27 19:10:48.083] [Info] Retrieved content for '/Work Item Definitions/Issue Work Item'.
[2026-07-27 19:10:48.415] [Info] Retrieved content for '/Work Item Definitions/Question Work Item'.
[2026-07-27 19:10:48.860] [Info] Retrieved content for '/Work Item Definitions/Requirement Work Item'.
[2026-07-27 19:10:49.442] [Info] Retrieved content for '/Work Item Definitions/Test Case Work Item'.
[2026-07-27 19:10:49.982] [Info] Retrieved content for '/Work Item Definitions/User Story Work Item'.
[2026-07-27 19:10:50.091] [Success] Retrieved content for 37 source page(s).
[2026-07-27 19:10:50.752] [Info] Using existing target wiki 'Unity---HSO'.
[2026-07-27 19:10:50.977] [Info] Migrating 15 referenced wiki attachment(s).
[2026-07-27 19:10:53.640] [Info] Repaired attachment 'image-f162321f-9a27-41ee-8827-9aa3c20dbeff.png'.
[2026-07-27 19:10:53.945] [Warning] Skipping missing source attachment 'image-f15f7ac0-d911-4cad-a7af-ea5f93fc68fc.png' referenced as '/.attachments/image-f15f7ac0-d911-4cad-a7af-ea5f93fc68fc.png'. The source wiki repo does not contain that file under .attachments.
[2026-07-27 19:10:54.937] [Info] Repaired attachment 'image-f201b418-b2d0-42aa-983f-826178cb203c.png'.
[2026-07-27 19:10:56.249] [Info] Repaired attachment 'image-b264eea0-e740-40c0-8b20-e1d8deee2545.png'.
[2026-07-27 19:10:57.427] [Info] Repaired attachment 'image-c2e88598-28ad-4f6b-a21d-ba4b373a80f4.png'.
[2026-07-27 19:10:58.574] [Info] Repaired attachment 'image-05e1ad32-d832-4620-83f1-82aa106ae52f.png'.
[2026-07-27 19:11:00.639] [Info] Repaired attachment 'Gap to Development Flow-c06c6b20-b5bb-4349-9042-705ed9d38d2c.png'.
[2026-07-27 19:11:03.082] [Info] Repaired attachment 'Issue-7509dd8d-c8f8-47e2-8ea0-f5f538279997.jpg'.
[2026-07-27 19:11:04.933] [Info] Repaired attachment 'image-7095c22d-19b2-4a14-8ffc-bf6012683903.png'.
[2026-07-27 19:11:07.661] [Info] Repaired attachment 'image-f146631a-9d47-46d9-8785-a46a559a33bb.png'.
[2026-07-27 19:11:08.944] [Info] Repaired attachment 'image-4d58408a-ed35-4449-8e73-a62130c95d98.png'.
[2026-07-27 19:11:09.910] [Info] Repaired attachment 'image-98075c2f-0d36-4bb4-a4f8-b58d76987df6.png'.
[2026-07-27 19:11:11.120] [Info] Repaired attachment 'image-14311ada-4769-4cc8-b13c-e7a818ef4953.png'.
[2026-07-27 19:11:12.771] [Info] Repaired attachment 'image-17794254-8d3b-4c69-a69f-4d4d532385b5.png'.
[2026-07-27 19:11:14.369] [Info] Repaired attachment 'image-0c816129-356e-49e9-a402-d50b43db6cad.png'.
[2026-07-27 19:11:14.603] [Success] Attachment migration complete. Total: 15, Uploaded: 0, Repaired: 14, Skipped: 1.
[2026-07-27 19:11:16.097] [Info] Updated '/Project Summary'.
[2026-07-27 19:11:18.942] [Info] Updated '/Project Timeline (High Level)'.
[2026-07-27 19:11:20.620] [Info] Updated '/Project Stages'.
[2026-07-27 19:11:22.176] [Info] Updated '/Work Item Definitions'.
[2026-07-27 19:11:24.910] [Info] Updated '/Requirement to Gap to Development Flow'.
[2026-07-27 19:11:26.871] [Info] Updated '/Environment Definitions'.
[2026-07-27 19:11:29.142] [Info] Updated '/Dashboards & Purpose'.
[2026-07-27 19:11:31.357] [Info] Updated '/Project Stages/Project Initiation'.
[2026-07-27 19:11:32.870] [Info] Updated '/Work Item Definitions/Bug Work Item'.
[2026-07-27 19:11:34.300] [Info] Updated '/Project Stages/Design and Build'.
[2026-07-27 19:11:35.441] [Info] Updated '/Work Item Definitions/Configuration Work Item'.
[2026-07-27 19:11:36.862] [Info] Updated '/Project Stages/Deployment'.
[2026-07-27 19:11:39.042] [Info] Updated '/Work Item Definitions/Data Migration Work Item'.
[2026-07-27 19:11:40.801] [Info] Updated '/Project Stages/Go Live & Hypercare'.
[2026-07-27 19:11:42.908] [Info] Updated '/Work Item Definitions/Decision Work Item'.
[2026-07-27 19:11:44.447] [Info] Updated '/Project Stages/Stabilization - Should this be Maintain - that is what is in the PMO intro deck'.
[2026-07-27 19:11:46.219] [Info] Updated '/Work Item Definitions/Deliverable Work Item'.
[2026-07-27 19:11:48.115] [Info] Updated '/Work Item Definitions/GAP Work Item'.
[2026-07-27 19:11:49.591] [Info] Updated '/Work Item Definitions/Issue Work Item'.
[2026-07-27 19:11:51.288] [Info] Updated '/Work Item Definitions/Question Work Item'.
[2026-07-27 19:11:53.676] [Info] Updated '/Work Item Definitions/Requirement Work Item'.
[2026-07-27 19:11:55.122] [Info] Updated '/Work Item Definitions/User Story Work Item'.
[2026-07-27 19:11:56.454] [Info] Updated '/Work Item Definitions/Test Case Work Item'.
[2026-07-27 19:11:58.143] [Info] Updated '/Project Stages/Deployment/CRP - Conference Room Pilot'.
[2026-07-27 19:12:00.048] [Info] Updated '/Project Stages/Design and Build/Iterations'.
[2026-07-27 19:12:01.474] [Info] Updated '/Project Stages/Go Live & Hypercare/Hypercare'.
[2026-07-27 19:12:02.586] [Info] Updated '/Project Stages/Project Initiation/Questionnaire'.
[2026-07-27 19:12:04.042] [Info] Updated '/Project Stages/Stabilization - Should this be Maintain - that is what is in the PMO intro deck/Phase 2'.
[2026-07-27 19:12:05.137] [Info] Updated '/Project Stages/Deployment/UAT - User Acceptance Testing'.
[2026-07-27 19:12:06.589] [Info] Updated '/Project Stages/Design and Build/Test Management'.
[2026-07-27 19:12:07.876] [Info] Updated '/Project Stages/Project Initiation/Solution Validation'.
[2026-07-27 19:12:09.036] [Info] Updated '/Project Stages/Stabilization - Should this be Maintain - that is what is in the PMO intro deck/Transition to Managed Services'.
[2026-07-27 19:12:10.328] [Info] Updated '/Project Stages/Deployment/Performance Testing'.
[2026-07-27 19:12:11.543] [Info] Updated '/Project Stages/Deployment/Mock Go Live'.
[2026-07-27 19:12:12.628] [Info] Updated '/Project Stages/Deployment/Cutover'.
[2026-07-27 19:12:14.036] [Info] Updated '/Project Stages/Design and Build/Iterations/Design and Build Tips for Success'.
[2026-07-27 19:12:14.978] [Info] Updated '/Project Stages/Design and Build/Iterations/Workshops'.
[2026-07-27 19:12:15.038] [Info] Validating target page content.
[2026-07-27 19:12:25.566] [Success] Migration complete. Total: 37, Created: 0, Updated: 37.
