[2026-07-27 18:01:41.860] [Info] === Azure DevOps Wiki Migration Started ===
[2026-07-27 18:02:30.842] [Success] Connected to source and target projects.
[2026-07-27 18:02:31.000] [Info] Reading source wiki 'ProServ-Model-Combo-Project.wiki'.
[2026-07-27 18:02:31.822] [Info] Retrieved content for '/Dashboards & Purpose'.
[2026-07-27 18:02:31.973] [Info] Retrieved content for '/Environment Definitions'.
[2026-07-27 18:02:32.121] [Info] Retrieved content for '/Project Stages'.
[2026-07-27 18:02:32.272] [Info] Retrieved content for '/Project Stages/Deployment'.
[2026-07-27 18:02:32.419] [Info] Retrieved content for '/Project Stages/Deployment/CRP - Conference Room Pilot'.
[2026-07-27 18:02:32.564] [Info] Retrieved content for '/Project Stages/Deployment/Cutover'.
[2026-07-27 18:02:32.707] [Info] Retrieved content for '/Project Stages/Deployment/Mock Go Live'.
[2026-07-27 18:02:32.859] [Info] Retrieved content for '/Project Stages/Deployment/Performance Testing'.
[2026-07-27 18:02:32.997] [Info] Retrieved content for '/Project Stages/Deployment/UAT - User Acceptance Testing'.
[2026-07-27 18:02:33.143] [Info] Retrieved content for '/Project Stages/Design and Build'.
[2026-07-27 18:02:33.305] [Info] Retrieved content for '/Project Stages/Design and Build/Iterations'.
[2026-07-27 18:02:33.580] [Info] Retrieved content for '/Project Stages/Design and Build/Iterations/Design and Build Tips for Success'.
[2026-07-27 18:02:33.857] [Info] Retrieved content for '/Project Stages/Design and Build/Iterations/Workshops'.
[2026-07-27 18:02:34.004] [Info] Retrieved content for '/Project Stages/Design and Build/Test Management'.
[2026-07-27 18:02:35.203] [Info] Retrieved content for '/Project Stages/Go Live & Hypercare'.
[2026-07-27 18:02:35.375] [Info] Retrieved content for '/Project Stages/Go Live & Hypercare/Hypercare'.
[2026-07-27 18:02:37.136] [Info] Retrieved content for '/Project Stages/Project Initiation'.
[2026-07-27 18:02:37.285] [Info] Retrieved content for '/Project Stages/Project Initiation/Questionnaire'.
[2026-07-27 18:02:37.667] [Info] Retrieved content for '/Project Stages/Project Initiation/Solution Validation'.
[2026-07-27 18:02:37.805] [Info] Retrieved content for '/Project Stages/Stabilization - Should this be Maintain - that is what is in the PMO intro deck'.
[2026-07-27 18:02:38.037] [Info] Retrieved content for '/Project Stages/Stabilization - Should this be Maintain - that is what is in the PMO intro deck/Phase 2'.
[2026-07-27 18:02:38.186] [Info] Retrieved content for '/Project Stages/Stabilization - Should this be Maintain - that is what is in the PMO intro deck/Transition to Managed Services'.
[2026-07-27 18:02:38.329] [Info] Retrieved content for '/Project Summary'.
[2026-07-27 18:02:38.484] [Info] Retrieved content for '/Project Timeline (High Level)'.
[2026-07-27 18:02:38.662] [Info] Retrieved content for '/Requirement to Gap to Development Flow'.
[2026-07-27 18:02:38.815] [Info] Retrieved content for '/Work Item Definitions'.
[2026-07-27 18:02:38.969] [Info] Retrieved content for '/Work Item Definitions/Bug Work Item'.
[2026-07-27 18:02:39.200] [Info] Retrieved content for '/Work Item Definitions/Configuration Work Item'.
[2026-07-27 18:02:39.345] [Info] Retrieved content for '/Work Item Definitions/Data Migration Work Item'.
[2026-07-27 18:02:39.486] [Info] Retrieved content for '/Work Item Definitions/Decision Work Item'.
[2026-07-27 18:02:40.984] [Info] Retrieved content for '/Work Item Definitions/Deliverable Work Item'.
[2026-07-27 18:02:41.126] [Info] Retrieved content for '/Work Item Definitions/GAP Work Item'.
[2026-07-27 18:02:41.276] [Info] Retrieved content for '/Work Item Definitions/Issue Work Item'.
[2026-07-27 18:02:41.419] [Info] Retrieved content for '/Work Item Definitions/Question Work Item'.
[2026-07-27 18:02:41.564] [Info] Retrieved content for '/Work Item Definitions/Requirement Work Item'.
[2026-07-27 18:02:41.701] [Info] Retrieved content for '/Work Item Definitions/Test Case Work Item'.
[2026-07-27 18:02:43.746] [Info] Retrieved content for '/Work Item Definitions/User Story Work Item'.
[2026-07-27 18:02:43.774] [Success] Retrieved content for 37 source page(s).
[2026-07-27 18:02:43.982] [Info] Using existing target wiki 'Unity---HSO'.
[2026-07-27 18:02:44.065] [Info] Migrating 15 referenced wiki attachment(s).
[2026-07-27 18:02:44.436] [Error] Migration failed: Azure DevOps PUT failed for 'https://dev.azure.com/AVI-SPL/e50571db-b81f-4a12-9fef-be388dd64409/_apis/wiki/wikis/e8e8b867-90b7-4e22-8b67-7f0e17d80dbc/attachments?name=image-f162321f-9a27-41ee-8827-9aa3c20dbeff.png&api-version=7.1-preview.1' with status 500. 
{
  "$id": "1",
  "innerException": null,
  "message": "The wiki attachment creation failed with message : The input is not a valid Base-64 string as it contains a non-base 64 character, more than two padding characters, or an illegal character among the padding characters. ",
  "typeName": "Microsoft.TeamFoundation.Wiki.Server.WikiCreateAttachmentFailedException, Microsoft.TeamFoundation.Wiki.Server",
  "typeKey": "WikiCreateAttachmentFailedException",
  "errorCode": 0,
  "eventId": 3000
}
