[2026-07-27 18:49:33.577] [Info] === Azure DevOps Wiki Migration Started ===
[2026-07-27 18:50:14.112] [Success] Connected to source and target projects.
[2026-07-27 18:50:14.378] [Info] Reading source wiki 'ProServ-Model-Combo-Project.wiki'.
[2026-07-27 18:50:14.681] [Info] Retrieved content for '/Dashboards & Purpose'.
[2026-07-27 18:50:14.818] [Info] Retrieved content for '/Environment Definitions'.
[2026-07-27 18:50:14.962] [Info] Retrieved content for '/Project Stages'.
[2026-07-27 18:50:15.108] [Info] Retrieved content for '/Project Stages/Deployment'.
[2026-07-27 18:50:15.254] [Info] Retrieved content for '/Project Stages/Deployment/CRP - Conference Room Pilot'.
[2026-07-27 18:50:15.424] [Info] Retrieved content for '/Project Stages/Deployment/Cutover'.
[2026-07-27 18:50:15.594] [Info] Retrieved content for '/Project Stages/Deployment/Mock Go Live'.
[2026-07-27 18:50:17.299] [Info] Retrieved content for '/Project Stages/Deployment/Performance Testing'.
[2026-07-27 18:50:17.702] [Info] Retrieved content for '/Project Stages/Deployment/UAT - User Acceptance Testing'.
[2026-07-27 18:50:17.992] [Info] Retrieved content for '/Project Stages/Design and Build'.
[2026-07-27 18:50:18.240] [Info] Retrieved content for '/Project Stages/Design and Build/Iterations'.
[2026-07-27 18:50:18.823] [Info] Retrieved content for '/Project Stages/Design and Build/Iterations/Design and Build Tips for Success'.
[2026-07-27 18:50:19.686] [Info] Retrieved content for '/Project Stages/Design and Build/Iterations/Workshops'.
[2026-07-27 18:50:20.330] [Info] Retrieved content for '/Project Stages/Design and Build/Test Management'.
[2026-07-27 18:50:21.018] [Info] Retrieved content for '/Project Stages/Go Live & Hypercare'.
[2026-07-27 18:50:21.720] [Info] Retrieved content for '/Project Stages/Go Live & Hypercare/Hypercare'.
[2026-07-27 18:50:22.178] [Info] Retrieved content for '/Project Stages/Project Initiation'.
[2026-07-27 18:50:22.734] [Info] Retrieved content for '/Project Stages/Project Initiation/Questionnaire'.
[2026-07-27 18:50:23.027] [Info] Retrieved content for '/Project Stages/Project Initiation/Solution Validation'.
[2026-07-27 18:50:23.380] [Info] Retrieved content for '/Project Stages/Stabilization - Should this be Maintain - that is what is in the PMO intro deck'.
[2026-07-27 18:50:23.845] [Info] Retrieved content for '/Project Stages/Stabilization - Should this be Maintain - that is what is in the PMO intro deck/Phase 2'.
[2026-07-27 18:50:24.239] [Info] Retrieved content for '/Project Stages/Stabilization - Should this be Maintain - that is what is in the PMO intro deck/Transition to Managed Services'.
[2026-07-27 18:50:24.548] [Info] Retrieved content for '/Project Summary'.
[2026-07-27 18:50:24.886] [Info] Retrieved content for '/Project Timeline (High Level)'.
[2026-07-27 18:50:25.122] [Info] Retrieved content for '/Requirement to Gap to Development Flow'.
[2026-07-27 18:50:25.581] [Info] Retrieved content for '/Work Item Definitions'.
[2026-07-27 18:50:25.906] [Info] Retrieved content for '/Work Item Definitions/Bug Work Item'.
[2026-07-27 18:50:26.329] [Info] Retrieved content for '/Work Item Definitions/Configuration Work Item'.
[2026-07-27 18:50:26.663] [Info] Retrieved content for '/Work Item Definitions/Data Migration Work Item'.
[2026-07-27 18:50:27.183] [Info] Retrieved content for '/Work Item Definitions/Decision Work Item'.
[2026-07-27 18:50:27.463] [Info] Retrieved content for '/Work Item Definitions/Deliverable Work Item'.
[2026-07-27 18:50:27.773] [Info] Retrieved content for '/Work Item Definitions/GAP Work Item'.
[2026-07-27 18:50:27.962] [Info] Retrieved content for '/Work Item Definitions/Issue Work Item'.
[2026-07-27 18:50:28.305] [Info] Retrieved content for '/Work Item Definitions/Question Work Item'.
[2026-07-27 18:50:30.023] [Info] Retrieved content for '/Work Item Definitions/Requirement Work Item'.
[2026-07-27 18:50:30.257] [Info] Retrieved content for '/Work Item Definitions/Test Case Work Item'.
[2026-07-27 18:50:31.997] [Info] Retrieved content for '/Work Item Definitions/User Story Work Item'.
[2026-07-27 18:50:32.066] [Success] Retrieved content for 37 source page(s).
[2026-07-27 18:50:32.356] [Info] Using existing target wiki 'Unity---HSO'.
[2026-07-27 18:50:32.544] [Info] Migrating 15 referenced wiki attachment(s).
[2026-07-27 18:50:34.945] [Info] Repaired attachment 'image-f162321f-9a27-41ee-8827-9aa3c20dbeff.png'.
[2026-07-27 18:50:35.102] [Warning] Skipping missing source attachment 'image-f15f7ac0-d911-4cad-a7af-ea5f93fc68fc.png' referenced as '/.attachments/image-f15f7ac0-d911-4cad-a7af-ea5f93fc68fc.png'. The source wiki repo does not contain that file under .attachments.
[2026-07-27 18:50:36.799] [Info] Repaired attachment 'image-f201b418-b2d0-42aa-983f-826178cb203c.png'.
[2026-07-27 18:50:38.349] [Info] Repaired attachment 'image-b264eea0-e740-40c0-8b20-e1d8deee2545.png'.
[2026-07-27 18:50:39.848] [Info] Repaired attachment 'image-c2e88598-28ad-4f6b-a21d-ba4b373a80f4.png'.
[2026-07-27 18:50:40.752] [Info] Repaired attachment 'image-05e1ad32-d832-4620-83f1-82aa106ae52f.png'.
[2026-07-27 18:50:42.146] [Info] Repaired attachment 'Gap to Development Flow-c06c6b20-b5bb-4349-9042-705ed9d38d2c.png'.
[2026-07-27 18:50:43.590] [Info] Repaired attachment 'Issue-7509dd8d-c8f8-47e2-8ea0-f5f538279997.jpg'.
[2026-07-27 18:50:44.360] [Info] Repaired attachment 'image-7095c22d-19b2-4a14-8ffc-bf6012683903.png'.
[2026-07-27 18:50:45.515] [Info] Repaired attachment 'image-f146631a-9d47-46d9-8785-a46a559a33bb.png'.
[2026-07-27 18:50:47.101] [Info] Repaired attachment 'image-4d58408a-ed35-4449-8e73-a62130c95d98.png'.
[2026-07-27 18:50:48.320] [Info] Repaired attachment 'image-98075c2f-0d36-4bb4-a4f8-b58d76987df6.png'.
[2026-07-27 18:50:49.830] [Info] Repaired attachment 'image-14311ada-4769-4cc8-b13c-e7a818ef4953.png'.
[2026-07-27 18:50:51.192] [Info] Repaired attachment 'image-17794254-8d3b-4c69-a69f-4d4d532385b5.png'.
[2026-07-27 18:50:52.485] [Info] Repaired attachment 'image-0c816129-356e-49e9-a402-d50b43db6cad.png'.
[2026-07-27 18:50:53.082] [Success] Attachment migration complete. Total: 15, Uploaded: 0, Repaired: 14, Skipped: 1.
[2026-07-27 18:50:54.668] [Info] Updated '/Project Summary'.
[2026-07-27 18:50:56.309] [Info] Updated '/Project Timeline (High Level)'.
[2026-07-27 18:50:57.629] [Info] Updated '/Project Stages'.
[2026-07-27 18:50:58.793] [Info] Updated '/Work Item Definitions'.
[2026-07-27 18:51:00.082] [Info] Updated '/Requirement to Gap to Development Flow'.
[2026-07-27 18:51:01.862] [Info] Updated '/Environment Definitions'.
[2026-07-27 18:51:03.267] [Info] Updated '/Dashboards & Purpose'.
[2026-07-27 18:51:04.442] [Info] Updated '/Project Stages/Project Initiation'.
[2026-07-27 18:51:05.661] [Info] Updated '/Work Item Definitions/Bug Work Item'.
[2026-07-27 18:51:06.845] [Info] Updated '/Project Stages/Design and Build'.
[2026-07-27 18:51:08.215] [Info] Updated '/Work Item Definitions/Configuration Work Item'.
[2026-07-27 18:51:09.839] [Info] Updated '/Project Stages/Deployment'.
[2026-07-27 18:51:11.127] [Info] Updated '/Work Item Definitions/Data Migration Work Item'.
[2026-07-27 18:51:12.533] [Info] Updated '/Project Stages/Go Live & Hypercare'.
[2026-07-27 18:51:14.146] [Info] Updated '/Work Item Definitions/Decision Work Item'.
[2026-07-27 18:51:15.768] [Info] Updated '/Project Stages/Stabilization - Should this be Maintain - that is what is in the PMO intro deck'.
[2026-07-27 18:51:17.436] [Info] Updated '/Work Item Definitions/Deliverable Work Item'.
[2026-07-27 18:51:18.441] [Info] Updated '/Work Item Definitions/GAP Work Item'.
[2026-07-27 18:51:19.718] [Info] Updated '/Work Item Definitions/Issue Work Item'.
[2026-07-27 18:51:20.914] [Info] Updated '/Work Item Definitions/Question Work Item'.
[2026-07-27 18:51:22.302] [Info] Updated '/Work Item Definitions/Requirement Work Item'.
[2026-07-27 18:51:23.169] [Info] Updated '/Work Item Definitions/User Story Work Item'.
[2026-07-27 18:51:24.503] [Info] Updated '/Work Item Definitions/Test Case Work Item'.
[2026-07-27 18:51:25.695] [Info] Updated '/Project Stages/Deployment/CRP - Conference Room Pilot'.
[2026-07-27 18:51:26.984] [Info] Updated '/Project Stages/Design and Build/Iterations'.
[2026-07-27 18:51:28.167] [Info] Updated '/Project Stages/Go Live & Hypercare/Hypercare'.
[2026-07-27 18:51:29.266] [Info] Updated '/Project Stages/Project Initiation/Questionnaire'.
[2026-07-27 18:51:30.467] [Info] Updated '/Project Stages/Stabilization - Should this be Maintain - that is what is in the PMO intro deck/Phase 2'.
[2026-07-27 18:51:31.668] [Info] Updated '/Project Stages/Deployment/UAT - User Acceptance Testing'.
[2026-07-27 18:51:33.217] [Info] Updated '/Project Stages/Design and Build/Test Management'.
[2026-07-27 18:51:34.702] [Info] Updated '/Project Stages/Project Initiation/Solution Validation'.
[2026-07-27 18:51:35.810] [Info] Updated '/Project Stages/Stabilization - Should this be Maintain - that is what is in the PMO intro deck/Transition to Managed Services'.
[2026-07-27 18:51:36.996] [Info] Updated '/Project Stages/Deployment/Performance Testing'.
[2026-07-27 18:51:37.955] [Info] Updated '/Project Stages/Deployment/Mock Go Live'.
[2026-07-27 18:51:39.289] [Info] Updated '/Project Stages/Deployment/Cutover'.
[2026-07-27 18:51:41.033] [Info] Updated '/Project Stages/Design and Build/Iterations/Design and Build Tips for Success'.
[2026-07-27 18:51:42.217] [Info] Updated '/Project Stages/Design and Build/Iterations/Workshops'.
[2026-07-27 18:51:42.277] [Info] Validating target page content.
[2026-07-27 18:51:52.747] [Success] Migration complete. Total: 37, Created: 0, Updated: 37.
