[2026-07-27 18:17:09.847] [Info] === Azure DevOps Wiki Migration Started ===
[2026-07-27 18:17:47.832] [Success] Connected to source and target projects.
[2026-07-27 18:17:47.968] [Info] Reading source wiki 'ProServ-Model-Combo-Project.wiki'.
[2026-07-27 18:17:48.386] [Info] Retrieved content for '/Dashboards & Purpose'.
[2026-07-27 18:17:49.886] [Info] Retrieved content for '/Environment Definitions'.
[2026-07-27 18:17:50.043] [Info] Retrieved content for '/Project Stages'.
[2026-07-27 18:17:50.204] [Info] Retrieved content for '/Project Stages/Deployment'.
[2026-07-27 18:17:50.350] [Info] Retrieved content for '/Project Stages/Deployment/CRP - Conference Room Pilot'.
[2026-07-27 18:17:50.514] [Info] Retrieved content for '/Project Stages/Deployment/Cutover'.
[2026-07-27 18:17:50.662] [Info] Retrieved content for '/Project Stages/Deployment/Mock Go Live'.
[2026-07-27 18:17:50.921] [Info] Retrieved content for '/Project Stages/Deployment/Performance Testing'.
[2026-07-27 18:17:51.076] [Info] Retrieved content for '/Project Stages/Deployment/UAT - User Acceptance Testing'.
[2026-07-27 18:17:51.302] [Info] Retrieved content for '/Project Stages/Design and Build'.
[2026-07-27 18:17:51.459] [Info] Retrieved content for '/Project Stages/Design and Build/Iterations'.
[2026-07-27 18:17:51.599] [Info] Retrieved content for '/Project Stages/Design and Build/Iterations/Design and Build Tips for Success'.
[2026-07-27 18:17:52.642] [Info] Retrieved content for '/Project Stages/Design and Build/Iterations/Workshops'.
[2026-07-27 18:17:52.798] [Info] Retrieved content for '/Project Stages/Design and Build/Test Management'.
[2026-07-27 18:17:52.957] [Info] Retrieved content for '/Project Stages/Go Live & Hypercare'.
[2026-07-27 18:17:53.100] [Info] Retrieved content for '/Project Stages/Go Live & Hypercare/Hypercare'.
[2026-07-27 18:17:53.253] [Info] Retrieved content for '/Project Stages/Project Initiation'.
[2026-07-27 18:17:53.414] [Info] Retrieved content for '/Project Stages/Project Initiation/Questionnaire'.
[2026-07-27 18:17:53.669] [Info] Retrieved content for '/Project Stages/Project Initiation/Solution Validation'.
[2026-07-27 18:17:53.826] [Info] Retrieved content for '/Project Stages/Stabilization - Should this be Maintain - that is what is in the PMO intro deck'.
[2026-07-27 18:17:53.966] [Info] Retrieved content for '/Project Stages/Stabilization - Should this be Maintain - that is what is in the PMO intro deck/Phase 2'.
[2026-07-27 18:17:54.137] [Info] Retrieved content for '/Project Stages/Stabilization - Should this be Maintain - that is what is in the PMO intro deck/Transition to Managed Services'.
[2026-07-27 18:17:54.390] [Info] Retrieved content for '/Project Summary'.
[2026-07-27 18:17:54.587] [Info] Retrieved content for '/Project Timeline (High Level)'.
[2026-07-27 18:17:54.771] [Info] Retrieved content for '/Requirement to Gap to Development Flow'.
[2026-07-27 18:17:54.944] [Info] Retrieved content for '/Work Item Definitions'.
[2026-07-27 18:17:55.122] [Info] Retrieved content for '/Work Item Definitions/Bug Work Item'.
[2026-07-27 18:17:55.305] [Info] Retrieved content for '/Work Item Definitions/Configuration Work Item'.
[2026-07-27 18:17:55.492] [Info] Retrieved content for '/Work Item Definitions/Data Migration Work Item'.
[2026-07-27 18:17:55.658] [Info] Retrieved content for '/Work Item Definitions/Decision Work Item'.
[2026-07-27 18:17:57.308] [Info] Retrieved content for '/Work Item Definitions/Deliverable Work Item'.
[2026-07-27 18:17:57.485] [Info] Retrieved content for '/Work Item Definitions/GAP Work Item'.
[2026-07-27 18:17:57.695] [Info] Retrieved content for '/Work Item Definitions/Issue Work Item'.
[2026-07-27 18:17:58.965] [Info] Retrieved content for '/Work Item Definitions/Question Work Item'.
[2026-07-27 18:17:59.929] [Info] Retrieved content for '/Work Item Definitions/Requirement Work Item'.
[2026-07-27 18:18:00.799] [Info] Retrieved content for '/Work Item Definitions/Test Case Work Item'.
[2026-07-27 18:18:01.248] [Info] Retrieved content for '/Work Item Definitions/User Story Work Item'.
[2026-07-27 18:18:01.463] [Success] Retrieved content for 37 source page(s).
[2026-07-27 18:18:02.493] [Info] Using existing target wiki 'Unity---HSO'.
[2026-07-27 18:18:03.624] [Info] Migrating 15 referenced wiki attachment(s).
[2026-07-27 18:18:06.967] [Info] Exists attachment 'image-f162321f-9a27-41ee-8827-9aa3c20dbeff.png'.
[2026-07-27 18:18:07.077] [Warning] Skipping missing source attachment 'image-f15f7ac0-d911-4cad-a7af-ea5f93fc68fc.png' referenced as '/.attachments/image-f15f7ac0-d911-4cad-a7af-ea5f93fc68fc.png'. The source wiki repo does not contain that file under .attachments.
[2026-07-27 18:18:08.505] [Info] Uploaded attachment 'image-f201b418-b2d0-42aa-983f-826178cb203c.png'.
[2026-07-27 18:18:09.886] [Info] Uploaded attachment 'image-b264eea0-e740-40c0-8b20-e1d8deee2545.png'.
[2026-07-27 18:18:11.026] [Info] Uploaded attachment 'image-c2e88598-28ad-4f6b-a21d-ba4b373a80f4.png'.
[2026-07-27 18:18:11.871] [Info] Uploaded attachment 'image-05e1ad32-d832-4620-83f1-82aa106ae52f.png'.
[2026-07-27 18:18:13.037] [Info] Uploaded attachment 'Gap to Development Flow-c06c6b20-b5bb-4349-9042-705ed9d38d2c.png'.
[2026-07-27 18:18:13.941] [Info] Uploaded attachment 'Issue-7509dd8d-c8f8-47e2-8ea0-f5f538279997.jpg'.
[2026-07-27 18:18:14.795] [Info] Uploaded attachment 'image-7095c22d-19b2-4a14-8ffc-bf6012683903.png'.
[2026-07-27 18:18:15.873] [Info] Uploaded attachment 'image-f146631a-9d47-46d9-8785-a46a559a33bb.png'.
[2026-07-27 18:18:16.605] [Info] Uploaded attachment 'image-4d58408a-ed35-4449-8e73-a62130c95d98.png'.
[2026-07-27 18:18:17.438] [Info] Uploaded attachment 'image-98075c2f-0d36-4bb4-a4f8-b58d76987df6.png'.
[2026-07-27 18:18:18.484] [Info] Uploaded attachment 'image-14311ada-4769-4cc8-b13c-e7a818ef4953.png'.
[2026-07-27 18:18:19.909] [Info] Uploaded attachment 'image-17794254-8d3b-4c69-a69f-4d4d532385b5.png'.
[2026-07-27 18:18:20.758] [Info] Uploaded attachment 'image-0c816129-356e-49e9-a402-d50b43db6cad.png'.
[2026-07-27 18:18:20.787] [Success] Attachment migration complete. Total: 15, Uploaded: 13, Existing: 1, Skipped: 1.
[2026-07-27 18:18:22.392] [Info] Updated '/Project Summary'.
[2026-07-27 18:18:23.531] [Info] Updated '/Project Timeline (High Level)'.
[2026-07-27 18:18:24.518] [Info] Updated '/Project Stages'.
[2026-07-27 18:18:25.495] [Info] Updated '/Work Item Definitions'.
[2026-07-27 18:18:26.809] [Info] Updated '/Requirement to Gap to Development Flow'.
[2026-07-27 18:18:27.740] [Info] Updated '/Environment Definitions'.
[2026-07-27 18:18:28.572] [Info] Updated '/Dashboards & Purpose'.
[2026-07-27 18:18:29.860] [Info] Updated '/Project Stages/Project Initiation'.
[2026-07-27 18:18:30.663] [Info] Updated '/Work Item Definitions/Bug Work Item'.
[2026-07-27 18:18:31.940] [Info] Updated '/Project Stages/Design and Build'.
[2026-07-27 18:18:32.797] [Info] Updated '/Work Item Definitions/Configuration Work Item'.
[2026-07-27 18:18:33.730] [Info] Updated '/Project Stages/Deployment'.
[2026-07-27 18:18:34.662] [Info] Updated '/Work Item Definitions/Data Migration Work Item'.
[2026-07-27 18:18:35.856] [Info] Updated '/Project Stages/Go Live & Hypercare'.
[2026-07-27 18:18:37.033] [Info] Updated '/Work Item Definitions/Decision Work Item'.
[2026-07-27 18:18:37.832] [Info] Updated '/Project Stages/Stabilization - Should this be Maintain - that is what is in the PMO intro deck'.
[2026-07-27 18:18:38.767] [Info] Updated '/Work Item Definitions/Deliverable Work Item'.
[2026-07-27 18:18:39.859] [Info] Updated '/Work Item Definitions/GAP Work Item'.
[2026-07-27 18:18:40.620] [Info] Updated '/Work Item Definitions/Issue Work Item'.
[2026-07-27 18:18:41.410] [Info] Updated '/Work Item Definitions/Question Work Item'.
[2026-07-27 18:18:42.182] [Info] Updated '/Work Item Definitions/Requirement Work Item'.
[2026-07-27 18:18:43.096] [Info] Updated '/Work Item Definitions/User Story Work Item'.
[2026-07-27 18:18:44.187] [Info] Updated '/Work Item Definitions/Test Case Work Item'.
[2026-07-27 18:18:45.123] [Info] Updated '/Project Stages/Deployment/CRP - Conference Room Pilot'.
[2026-07-27 18:18:46.143] [Info] Updated '/Project Stages/Design and Build/Iterations'.
[2026-07-27 18:18:47.153] [Info] Updated '/Project Stages/Go Live & Hypercare/Hypercare'.
[2026-07-27 18:18:48.159] [Info] Updated '/Project Stages/Project Initiation/Questionnaire'.
[2026-07-27 18:18:48.898] [Info] Updated '/Project Stages/Stabilization - Should this be Maintain - that is what is in the PMO intro deck/Phase 2'.
[2026-07-27 18:18:49.827] [Info] Updated '/Project Stages/Deployment/UAT - User Acceptance Testing'.
[2026-07-27 18:18:50.732] [Info] Updated '/Project Stages/Design and Build/Test Management'.
[2026-07-27 18:18:51.500] [Info] Updated '/Project Stages/Project Initiation/Solution Validation'.
[2026-07-27 18:18:52.375] [Info] Updated '/Project Stages/Stabilization - Should this be Maintain - that is what is in the PMO intro deck/Transition to Managed Services'.
[2026-07-27 18:18:53.282] [Info] Updated '/Project Stages/Deployment/Performance Testing'.
[2026-07-27 18:18:54.190] [Info] Updated '/Project Stages/Deployment/Mock Go Live'.
[2026-07-27 18:18:55.210] [Info] Updated '/Project Stages/Deployment/Cutover'.
[2026-07-27 18:18:56.386] [Info] Updated '/Project Stages/Design and Build/Iterations/Design and Build Tips for Success'.
[2026-07-27 18:18:57.525] [Info] Updated '/Project Stages/Design and Build/Iterations/Workshops'.
[2026-07-27 18:18:57.551] [Info] Validating target page content.
[2026-07-27 18:19:04.816] [Success] Migration complete. Total: 37, Created: 0, Updated: 37.
