[2026-07-27 19:49:10.278] [Info] === Azure DevOps Wiki Migration Started ===
[2026-07-27 19:49:47.889] [Success] Connected to source and target projects.
[2026-07-27 19:49:48.431] [Info] Reading source wiki 'ProServ-Model-Combo-Project.wiki'.
[2026-07-27 19:49:48.831] [Info] Retrieved content for '/Dashboards & Purpose'.
[2026-07-27 19:49:49.009] [Info] Retrieved content for '/Environment Definitions'.
[2026-07-27 19:49:49.193] [Info] Retrieved content for '/Project Stages'.
[2026-07-27 19:49:49.374] [Info] Retrieved content for '/Project Stages/Deployment'.
[2026-07-27 19:49:49.570] [Info] Retrieved content for '/Project Stages/Deployment/CRP - Conference Room Pilot'.
[2026-07-27 19:49:49.791] [Info] Retrieved content for '/Project Stages/Deployment/Cutover'.
[2026-07-27 19:49:50.160] [Info] Retrieved content for '/Project Stages/Deployment/Mock Go Live'.
[2026-07-27 19:49:50.406] [Info] Retrieved content for '/Project Stages/Deployment/Performance Testing'.
[2026-07-27 19:49:50.601] [Info] Retrieved content for '/Project Stages/Deployment/UAT - User Acceptance Testing'.
[2026-07-27 19:49:50.850] [Info] Retrieved content for '/Project Stages/Design and Build'.
[2026-07-27 19:49:51.957] [Info] Retrieved content for '/Project Stages/Design and Build/Iterations'.
[2026-07-27 19:49:52.320] [Info] Retrieved content for '/Project Stages/Design and Build/Iterations/Design and Build Tips for Success'.
[2026-07-27 19:49:52.728] [Info] Retrieved content for '/Project Stages/Design and Build/Iterations/Workshops'.
[2026-07-27 19:49:53.175] [Info] Retrieved content for '/Project Stages/Design and Build/Test Management'.
[2026-07-27 19:49:53.566] [Info] Retrieved content for '/Project Stages/Go Live & Hypercare'.
[2026-07-27 19:49:53.820] [Info] Retrieved content for '/Project Stages/Go Live & Hypercare/Hypercare'.
[2026-07-27 19:49:54.141] [Info] Retrieved content for '/Project Stages/Project Initiation'.
[2026-07-27 19:49:54.439] [Info] Retrieved content for '/Project Stages/Project Initiation/Questionnaire'.
[2026-07-27 19:49:54.778] [Info] Retrieved content for '/Project Stages/Project Initiation/Solution Validation'.
[2026-07-27 19:49:55.250] [Info] Retrieved content for '/Project Stages/Stabilization - Should this be Maintain - that is what is in the PMO intro deck'.
[2026-07-27 19:49:55.997] [Info] Retrieved content for '/Project Stages/Stabilization - Should this be Maintain - that is what is in the PMO intro deck/Phase 2'.
[2026-07-27 19:49:56.309] [Info] Retrieved content for '/Project Stages/Stabilization - Should this be Maintain - that is what is in the PMO intro deck/Transition to Managed Services'.
[2026-07-27 19:49:57.368] [Info] Retrieved content for '/Project Summary'.
[2026-07-27 19:49:57.752] [Info] Retrieved content for '/Project Timeline (High Level)'.
[2026-07-27 19:49:58.048] [Info] Retrieved content for '/Requirement to Gap to Development Flow'.
[2026-07-27 19:49:59.712] [Info] Retrieved content for '/Work Item Definitions'.
[2026-07-27 19:50:00.003] [Info] Retrieved content for '/Work Item Definitions/Bug Work Item'.
[2026-07-27 19:50:00.229] [Info] Retrieved content for '/Work Item Definitions/Configuration Work Item'.
[2026-07-27 19:50:00.559] [Info] Retrieved content for '/Work Item Definitions/Data Migration Work Item'.
[2026-07-27 19:50:00.945] [Info] Retrieved content for '/Work Item Definitions/Decision Work Item'.
[2026-07-27 19:50:01.342] [Info] Retrieved content for '/Work Item Definitions/Deliverable Work Item'.
[2026-07-27 19:50:01.998] [Info] Retrieved content for '/Work Item Definitions/GAP Work Item'.
[2026-07-27 19:50:02.256] [Info] Retrieved content for '/Work Item Definitions/Issue Work Item'.
[2026-07-27 19:50:02.534] [Info] Retrieved content for '/Work Item Definitions/Question Work Item'.
[2026-07-27 19:50:02.894] [Info] Retrieved content for '/Work Item Definitions/Requirement Work Item'.
[2026-07-27 19:50:03.318] [Info] Retrieved content for '/Work Item Definitions/Test Case Work Item'.
[2026-07-27 19:50:03.663] [Info] Retrieved content for '/Work Item Definitions/User Story Work Item'.
[2026-07-27 19:50:03.796] [Success] Retrieved content for 37 source page(s).
[2026-07-27 19:50:04.118] [Info] Using existing target wiki 'Unity---HSO'.
[2026-07-27 19:50:04.558] [Info] Preflighting 15 referenced wiki attachment(s).
[2026-07-27 19:50:05.189] [Error] Migration failed: Attachment preflight failed; no target attachments were changed. '/.attachments/image-f15f7ac0-d911-4cad-a7af-ea5f93fc68fc.png' on '/Requirement to Gap to Development Flow' was not found at '/.attachments/image-f15f7ac0-d911-4cad-a7af-ea5f93fc68fc.png'.
