[2026-07-27 18:06:09.739] [Info] === Azure DevOps Wiki Migration Started ===
[2026-07-27 18:06:51.646] [Success] Connected to source and target projects.
[2026-07-27 18:06:51.778] [Info] Reading source wiki 'ProServ-Model-Combo-Project.wiki'.
[2026-07-27 18:06:52.070] [Info] Retrieved content for '/Dashboards & Purpose'.
[2026-07-27 18:06:52.212] [Info] Retrieved content for '/Environment Definitions'.
[2026-07-27 18:06:52.353] [Info] Retrieved content for '/Project Stages'.
[2026-07-27 18:06:52.488] [Info] Retrieved content for '/Project Stages/Deployment'.
[2026-07-27 18:06:52.633] [Info] Retrieved content for '/Project Stages/Deployment/CRP - Conference Room Pilot'.
[2026-07-27 18:06:52.772] [Info] Retrieved content for '/Project Stages/Deployment/Cutover'.
[2026-07-27 18:06:52.919] [Info] Retrieved content for '/Project Stages/Deployment/Mock Go Live'.
[2026-07-27 18:06:53.058] [Info] Retrieved content for '/Project Stages/Deployment/Performance Testing'.
[2026-07-27 18:06:53.203] [Info] Retrieved content for '/Project Stages/Deployment/UAT - User Acceptance Testing'.
[2026-07-27 18:06:53.348] [Info] Retrieved content for '/Project Stages/Design and Build'.
[2026-07-27 18:06:53.497] [Info] Retrieved content for '/Project Stages/Design and Build/Iterations'.
[2026-07-27 18:06:53.706] [Info] Retrieved content for '/Project Stages/Design and Build/Iterations/Design and Build Tips for Success'.
[2026-07-27 18:06:53.845] [Info] Retrieved content for '/Project Stages/Design and Build/Iterations/Workshops'.
[2026-07-27 18:06:53.987] [Info] Retrieved content for '/Project Stages/Design and Build/Test Management'.
[2026-07-27 18:06:54.129] [Info] Retrieved content for '/Project Stages/Go Live & Hypercare'.
[2026-07-27 18:06:54.286] [Info] Retrieved content for '/Project Stages/Go Live & Hypercare/Hypercare'.
[2026-07-27 18:06:54.437] [Info] Retrieved content for '/Project Stages/Project Initiation'.
[2026-07-27 18:06:54.577] [Info] Retrieved content for '/Project Stages/Project Initiation/Questionnaire'.
[2026-07-27 18:06:54.712] [Info] Retrieved content for '/Project Stages/Project Initiation/Solution Validation'.
[2026-07-27 18:06:54.851] [Info] Retrieved content for '/Project Stages/Stabilization - Should this be Maintain - that is what is in the PMO intro deck'.
[2026-07-27 18:06:54.993] [Info] Retrieved content for '/Project Stages/Stabilization - Should this be Maintain - that is what is in the PMO intro deck/Phase 2'.
[2026-07-27 18:06:55.134] [Info] Retrieved content for '/Project Stages/Stabilization - Should this be Maintain - that is what is in the PMO intro deck/Transition to Managed Services'.
[2026-07-27 18:06:55.476] [Info] Retrieved content for '/Project Summary'.
[2026-07-27 18:06:55.610] [Info] Retrieved content for '/Project Timeline (High Level)'.
[2026-07-27 18:06:55.758] [Info] Retrieved content for '/Requirement to Gap to Development Flow'.
[2026-07-27 18:06:55.901] [Info] Retrieved content for '/Work Item Definitions'.
[2026-07-27 18:06:56.047] [Info] Retrieved content for '/Work Item Definitions/Bug Work Item'.
[2026-07-27 18:06:56.191] [Info] Retrieved content for '/Work Item Definitions/Configuration Work Item'.
[2026-07-27 18:06:56.330] [Info] Retrieved content for '/Work Item Definitions/Data Migration Work Item'.
[2026-07-27 18:06:56.502] [Info] Retrieved content for '/Work Item Definitions/Decision Work Item'.
[2026-07-27 18:06:56.651] [Info] Retrieved content for '/Work Item Definitions/Deliverable Work Item'.
[2026-07-27 18:06:56.783] [Info] Retrieved content for '/Work Item Definitions/GAP Work Item'.
[2026-07-27 18:06:56.921] [Info] Retrieved content for '/Work Item Definitions/Issue Work Item'.
[2026-07-27 18:06:57.073] [Info] Retrieved content for '/Work Item Definitions/Question Work Item'.
[2026-07-27 18:06:57.211] [Info] Retrieved content for '/Work Item Definitions/Requirement Work Item'.
[2026-07-27 18:06:57.355] [Info] Retrieved content for '/Work Item Definitions/Test Case Work Item'.
[2026-07-27 18:06:57.490] [Info] Retrieved content for '/Work Item Definitions/User Story Work Item'.
[2026-07-27 18:06:57.514] [Success] Retrieved content for 37 source page(s).
[2026-07-27 18:06:57.647] [Info] Using existing target wiki 'Unity---HSO'.
[2026-07-27 18:06:57.673] [Info] Migrating 15 referenced wiki attachment(s).
[2026-07-27 18:06:58.755] [Info] Uploaded attachment 'image-f162321f-9a27-41ee-8827-9aa3c20dbeff.png'.
[2026-07-27 18:06:58.912] [Error] Migration failed: Azure DevOps GET failed for 'https://dev.azure.com/360sg/a44951d4-1792-4aa2-a4d2-db6af55ea351/_apis/git/repositories/354a44d3-4fe0-4800-a32c-7a970962179a/items?path=%2F.attachments%2Fimage-f15f7ac0-d911-4cad-a7af-ea5f93fc68fc.png&download=true&api-version=7.1' with status 404. 
{
  "$id": "1",
  "innerException": null,
  "message": "TF401174: The item \u0027.attachments/image-f15f7ac0-d911-4cad-a7af-ea5f93fc68fc.png\u0027 could not be found in the repository \u0027ProServ-Model-Combo-Project.wiki\u0027 at the version specified by \u0027\u003CBranch:  \u003E\u0027 (resolved to commit \u0027668bdb1caa615c9b46c4ad7e29168e603f7a3f26\u0027)",
  "typeName": "Microsoft.TeamFoundation.Git.Server.GitItemNotFoundException, Microsoft.TeamFoundation.Git.Server",
  "typeKey": "GitItemNotFoundException",
  "errorCode": 0,
  "eventId": 3000
}
