[2026-07-27 20:14:26.453] [Info] === Azure DevOps Wiki Migration Started ===
[2026-07-27 20:14:54.423] [Success] Connected to source and target projects.
[2026-07-27 20:14:54.738] [Info] Reading source wiki 'ProServ-Model-Combo-Project.wiki'.
[2026-07-27 20:14:55.167] [Info] Retrieved content for '/Dashboards & Purpose'.
[2026-07-27 20:14:55.358] [Info] Retrieved content for '/Environment Definitions'.
[2026-07-27 20:14:55.638] [Info] Retrieved content for '/Project Stages'.
[2026-07-27 20:14:55.946] [Info] Retrieved content for '/Project Stages/Deployment'.
[2026-07-27 20:14:56.258] [Info] Retrieved content for '/Project Stages/Deployment/CRP - Conference Room Pilot'.
[2026-07-27 20:14:56.630] [Info] Retrieved content for '/Project Stages/Deployment/Cutover'.
[2026-07-27 20:14:56.959] [Info] Retrieved content for '/Project Stages/Deployment/Mock Go Live'.
[2026-07-27 20:14:57.722] [Info] Retrieved content for '/Project Stages/Deployment/Performance Testing'.
[2026-07-27 20:14:58.028] [Info] Retrieved content for '/Project Stages/Deployment/UAT - User Acceptance Testing'.
[2026-07-27 20:14:58.703] [Info] Retrieved content for '/Project Stages/Design and Build'.
[2026-07-27 20:14:59.463] [Info] Retrieved content for '/Project Stages/Design and Build/Iterations'.
[2026-07-27 20:14:59.916] [Info] Retrieved content for '/Project Stages/Design and Build/Iterations/Design and Build Tips for Success'.
[2026-07-27 20:15:00.228] [Info] Retrieved content for '/Project Stages/Design and Build/Iterations/Workshops'.
[2026-07-27 20:15:00.971] [Info] Retrieved content for '/Project Stages/Design and Build/Test Management'.
[2026-07-27 20:15:01.926] [Info] Retrieved content for '/Project Stages/Go Live & Hypercare'.
[2026-07-27 20:15:02.418] [Info] Retrieved content for '/Project Stages/Go Live & Hypercare/Hypercare'.
[2026-07-27 20:15:02.847] [Info] Retrieved content for '/Project Stages/Project Initiation'.
[2026-07-27 20:15:03.246] [Info] Retrieved content for '/Project Stages/Project Initiation/Questionnaire'.
[2026-07-27 20:15:03.857] [Info] Retrieved content for '/Project Stages/Project Initiation/Solution Validation'.
[2026-07-27 20:15:04.177] [Info] Retrieved content for '/Project Stages/Stabilization - Should this be Maintain - that is what is in the PMO intro deck'.
[2026-07-27 20:15:04.416] [Info] Retrieved content for '/Project Stages/Stabilization - Should this be Maintain - that is what is in the PMO intro deck/Phase 2'.
[2026-07-27 20:15:04.702] [Info] Retrieved content for '/Project Stages/Stabilization - Should this be Maintain - that is what is in the PMO intro deck/Transition to Managed Services'.
[2026-07-27 20:15:05.004] [Info] Retrieved content for '/Project Summary'.
[2026-07-27 20:15:05.353] [Info] Retrieved content for '/Project Timeline (High Level)'.
[2026-07-27 20:15:05.872] [Info] Retrieved content for '/Requirement to Gap to Development Flow'.
[2026-07-27 20:15:06.148] [Info] Retrieved content for '/Work Item Definitions'.
[2026-07-27 20:15:06.699] [Info] Retrieved content for '/Work Item Definitions/Bug Work Item'.
[2026-07-27 20:15:07.247] [Info] Retrieved content for '/Work Item Definitions/Configuration Work Item'.
[2026-07-27 20:15:07.553] [Info] Retrieved content for '/Work Item Definitions/Data Migration Work Item'.
[2026-07-27 20:15:07.762] [Info] Retrieved content for '/Work Item Definitions/Decision Work Item'.
[2026-07-27 20:15:08.069] [Info] Retrieved content for '/Work Item Definitions/Deliverable Work Item'.
[2026-07-27 20:15:08.587] [Info] Retrieved content for '/Work Item Definitions/GAP Work Item'.
[2026-07-27 20:15:08.871] [Info] Retrieved content for '/Work Item Definitions/Issue Work Item'.
[2026-07-27 20:15:09.333] [Info] Retrieved content for '/Work Item Definitions/Question Work Item'.
[2026-07-27 20:15:09.643] [Info] Retrieved content for '/Work Item Definitions/Requirement Work Item'.
[2026-07-27 20:15:10.273] [Info] Retrieved content for '/Work Item Definitions/Test Case Work Item'.
[2026-07-27 20:15:10.892] [Info] Retrieved content for '/Work Item Definitions/User Story Work Item'.
[2026-07-27 20:15:11.301] [Success] Retrieved content for 37 source page(s).
[2026-07-27 20:15:11.917] [Info] Using existing target wiki 'Unity---HSO'.
[2026-07-27 20:15:12.190] [Info] Preflighting 15 referenced wiki attachment(s).
[2026-07-27 20:15:12.235] [Info] Source wiki 'ProServ-Model-Combo-Project.wiki': repositoryId '354a44d3-4fe0-4800-a32c-7a970962179a', mappedPath '/', attachment scopePath '/.attachments'.
[2026-07-27 20:15:12.509] [Info] Source wiki attachment listing returned 21 item(s) under '/.attachments'.
[2026-07-27 20:15:13.390] [Warning] Diagnostic: no path in the source attachment listing (21 total item(s)) resembles 'image-f15f7ac0-d911-4cad-a7af-ea5f93fc68fc.png'. Expected path was '/.attachments/image-f15f7ac0-d911-4cad-a7af-ea5f93fc68fc.png'.
[2026-07-27 20:15:13.610] [Error] Migration failed: Attachment preflight failed; no target attachments were changed. '/.attachments/image-f15f7ac0-d911-4cad-a7af-ea5f93fc68fc.png' on '/Requirement to Gap to Development Flow' was not found at '/.attachments/image-f15f7ac0-d911-4cad-a7af-ea5f93fc68fc.png' or in its Git history.
