[2026-08-07 08:56:06.344] [Info] === Azure DevOps Wiki Migration Started ===
[2026-08-07 08:56:06.981] [Success] Connected to source and target projects.
[2026-08-07 08:56:07.153] [Info] Reading source wiki 'ProServ-Model-Combo-Project.wiki'.
[2026-08-07 08:56:07.448] [Info] Retrieved content for '/Dashboards & Purpose'.
[2026-08-07 08:56:08.059] [Info] Retrieved content for '/Environment Definitions'.
[2026-08-07 08:56:08.644] [Info] Retrieved content for '/Project Stages'.
[2026-08-07 08:56:08.777] [Info] Retrieved content for '/Project Stages/Deployment'.
[2026-08-07 08:56:09.475] [Info] Retrieved content for '/Project Stages/Deployment/CRP - Conference Room Pilot'.
[2026-08-07 08:56:09.616] [Info] Retrieved content for '/Project Stages/Deployment/Cutover'.
[2026-08-07 08:56:09.774] [Info] Retrieved content for '/Project Stages/Deployment/Mock Go Live'.
[2026-08-07 08:56:09.911] [Info] Retrieved content for '/Project Stages/Deployment/Performance Testing'.
[2026-08-07 08:56:10.120] [Info] Retrieved content for '/Project Stages/Deployment/UAT - User Acceptance Testing'.
[2026-08-07 08:56:10.286] [Info] Retrieved content for '/Project Stages/Design and Build'.
[2026-08-07 08:56:10.422] [Info] Retrieved content for '/Project Stages/Design and Build/Iterations'.
[2026-08-07 08:56:10.684] [Info] Retrieved content for '/Project Stages/Design and Build/Iterations/Design and Build Tips for Success'.
[2026-08-07 08:56:10.808] [Info] Retrieved content for '/Project Stages/Design and Build/Iterations/Workshops'.
[2026-08-07 08:56:10.918] [Info] Retrieved content for '/Project Stages/Design and Build/Test Management'.
[2026-08-07 08:56:11.060] [Info] Retrieved content for '/Project Stages/Go Live & Hypercare'.
[2026-08-07 08:56:11.180] [Info] Retrieved content for '/Project Stages/Go Live & Hypercare/Hypercare'.
[2026-08-07 08:56:11.308] [Info] Retrieved content for '/Project Stages/Project Initiation'.
[2026-08-07 08:56:11.438] [Info] Retrieved content for '/Project Stages/Project Initiation/Questionnaire'.
[2026-08-07 08:56:11.862] [Info] Retrieved content for '/Project Stages/Project Initiation/Solution Validation'.
[2026-08-07 08:56:11.979] [Info] Retrieved content for '/Project Stages/Stabilization - Should this be Maintain - that is what is in the PMO intro deck'.
[2026-08-07 08:56:12.087] [Info] Retrieved content for '/Project Stages/Stabilization - Should this be Maintain - that is what is in the PMO intro deck/Phase 2'.
[2026-08-07 08:56:12.204] [Info] Retrieved content for '/Project Stages/Stabilization - Should this be Maintain - that is what is in the PMO intro deck/Transition to Managed Services'.
[2026-08-07 08:56:12.311] [Info] Retrieved content for '/Project Summary'.
[2026-08-07 08:56:12.430] [Info] Retrieved content for '/Project Timeline (High Level)'.
[2026-08-07 08:56:12.533] [Info] Retrieved content for '/Requirement to Gap to Development Flow'.
[2026-08-07 08:56:12.639] [Info] Retrieved content for '/Work Item Definitions'.
[2026-08-07 08:56:12.750] [Info] Retrieved content for '/Work Item Definitions/Bug Work Item'.
[2026-08-07 08:56:12.861] [Info] Retrieved content for '/Work Item Definitions/Configuration Work Item'.
[2026-08-07 08:56:13.007] [Info] Retrieved content for '/Work Item Definitions/Data Migration Work Item'.
[2026-08-07 08:56:13.108] [Info] Retrieved content for '/Work Item Definitions/Decision Work Item'.
[2026-08-07 08:56:13.211] [Info] Retrieved content for '/Work Item Definitions/Deliverable Work Item'.
[2026-08-07 08:56:13.313] [Info] Retrieved content for '/Work Item Definitions/GAP Work Item'.
[2026-08-07 08:56:13.679] [Info] Retrieved content for '/Work Item Definitions/Issue Work Item'.
[2026-08-07 08:56:13.841] [Info] Retrieved content for '/Work Item Definitions/Question Work Item'.
[2026-08-07 08:56:13.938] [Info] Retrieved content for '/Work Item Definitions/Requirement Work Item'.
[2026-08-07 08:56:14.051] [Info] Retrieved content for '/Work Item Definitions/Test Case Work Item'.
[2026-08-07 08:56:14.232] [Info] Retrieved content for '/Work Item Definitions/User Story Work Item'.
[2026-08-07 08:56:14.268] [Success] Retrieved content for 37 source page(s).
[2026-08-07 08:56:14.616] [Error] Migration failed: Azure DevOps POST failed for 'https://dev.azure.com/spriestley/c4bec1a3-22aa-4ae9-9b4d-bc952c7d511b/_apis/wiki/wikis?api-version=7.1-preview.2' with status 500. {"$id":"1","innerException":null,"message":"TF400948: A Git repository with the name TestBed already exists.","typeName":"Microsoft.TeamFoundation.Git.Server.GitRepositoryNameAlreadyExistsException, Microsoft.TeamFoundation.Git.Server","typeKey":"GitRepositoryNameAlreadyExistsException","errorCode":0,"eventId":3000}
