[2026-08-07 09:02:32.144] [Info] === Azure DevOps Wiki Migration Started ===
[2026-08-07 09:02:32.497] [Success] Connected to source and target projects.
[2026-08-07 09:02:32.647] [Info] Reading source wiki 'ProServ-Model-Combo-Project.wiki'.
[2026-08-07 09:02:32.916] [Info] Retrieved content for '/Dashboards & Purpose'.
[2026-08-07 09:02:33.023] [Info] Retrieved content for '/Environment Definitions'.
[2026-08-07 09:02:33.202] [Info] Retrieved content for '/Project Stages'.
[2026-08-07 09:02:33.347] [Info] Retrieved content for '/Project Stages/Deployment'.
[2026-08-07 09:02:33.504] [Info] Retrieved content for '/Project Stages/Deployment/CRP - Conference Room Pilot'.
[2026-08-07 09:02:33.634] [Info] Retrieved content for '/Project Stages/Deployment/Cutover'.
[2026-08-07 09:02:33.801] [Info] Retrieved content for '/Project Stages/Deployment/Mock Go Live'.
[2026-08-07 09:02:34.035] [Info] Retrieved content for '/Project Stages/Deployment/Performance Testing'.
[2026-08-07 09:02:34.206] [Info] Retrieved content for '/Project Stages/Deployment/UAT - User Acceptance Testing'.
[2026-08-07 09:02:34.528] [Info] Retrieved content for '/Project Stages/Design and Build'.
[2026-08-07 09:02:34.750] [Info] Retrieved content for '/Project Stages/Design and Build/Iterations'.
[2026-08-07 09:02:34.882] [Info] Retrieved content for '/Project Stages/Design and Build/Iterations/Design and Build Tips for Success'.
[2026-08-07 09:02:35.003] [Info] Retrieved content for '/Project Stages/Design and Build/Iterations/Workshops'.
[2026-08-07 09:02:35.117] [Info] Retrieved content for '/Project Stages/Design and Build/Test Management'.
[2026-08-07 09:02:35.285] [Info] Retrieved content for '/Project Stages/Go Live & Hypercare'.
[2026-08-07 09:02:35.453] [Info] Retrieved content for '/Project Stages/Go Live & Hypercare/Hypercare'.
[2026-08-07 09:02:35.591] [Info] Retrieved content for '/Project Stages/Project Initiation'.
[2026-08-07 09:02:35.722] [Info] Retrieved content for '/Project Stages/Project Initiation/Questionnaire'.
[2026-08-07 09:02:35.857] [Info] Retrieved content for '/Project Stages/Project Initiation/Solution Validation'.
[2026-08-07 09:02:36.062] [Info] Retrieved content for '/Project Stages/Stabilization - Should this be Maintain - that is what is in the PMO intro deck'.
[2026-08-07 09:02:36.211] [Info] Retrieved content for '/Project Stages/Stabilization - Should this be Maintain - that is what is in the PMO intro deck/Phase 2'.
[2026-08-07 09:02:36.363] [Info] Retrieved content for '/Project Stages/Stabilization - Should this be Maintain - that is what is in the PMO intro deck/Transition to Managed Services'.
[2026-08-07 09:02:36.519] [Info] Retrieved content for '/Project Summary'.
[2026-08-07 09:02:36.656] [Info] Retrieved content for '/Project Timeline (High Level)'.
[2026-08-07 09:02:36.798] [Info] Retrieved content for '/Requirement to Gap to Development Flow'.
[2026-08-07 09:02:36.933] [Info] Retrieved content for '/Work Item Definitions'.
[2026-08-07 09:02:37.051] [Info] Retrieved content for '/Work Item Definitions/Bug Work Item'.
[2026-08-07 09:02:37.196] [Info] Retrieved content for '/Work Item Definitions/Configuration Work Item'.
[2026-08-07 09:02:37.372] [Info] Retrieved content for '/Work Item Definitions/Data Migration Work Item'.
[2026-08-07 09:02:37.508] [Info] Retrieved content for '/Work Item Definitions/Decision Work Item'.
[2026-08-07 09:02:37.635] [Info] Retrieved content for '/Work Item Definitions/Deliverable Work Item'.
[2026-08-07 09:02:37.933] [Info] Retrieved content for '/Work Item Definitions/GAP Work Item'.
[2026-08-07 09:02:38.050] [Info] Retrieved content for '/Work Item Definitions/Issue Work Item'.
[2026-08-07 09:02:38.163] [Info] Retrieved content for '/Work Item Definitions/Question Work Item'.
[2026-08-07 09:02:38.354] [Info] Retrieved content for '/Work Item Definitions/Requirement Work Item'.
[2026-08-07 09:02:38.470] [Info] Retrieved content for '/Work Item Definitions/Test Case Work Item'.
[2026-08-07 09:02:38.607] [Info] Retrieved content for '/Work Item Definitions/User Story Work Item'.
[2026-08-07 09:02:38.664] [Success] Retrieved content for 37 source page(s).
[2026-08-07 09:02:38.797] [Info] Using existing target wiki 'TestBed.wiki'.
[2026-08-07 09:02:38.997] [Info] Preflighting 15 referenced wiki attachment(s).
[2026-08-07 09:02:39.043] [Info] Source wiki 'ProServ-Model-Combo-Project.wiki': repositoryId '354a44d3-4fe0-4800-a32c-7a970962179a', mappedPath '/', attachment scopePath '/.attachments'.
[2026-08-07 09:02:39.296] [Info] Source wiki attachment listing returned 21 item(s) under '/.attachments'.
[2026-08-07 09:02:39.739] [Warning] Diagnostic: no path in the source attachment listing (21 total item(s)) resembles 'image-f15f7ac0-d911-4cad-a7af-ea5f93fc68fc.png'. Expected path was '/.attachments/image-f15f7ac0-d911-4cad-a7af-ea5f93fc68fc.png'.
[2026-08-07 09:02:39.777] [Warning] Skipping unresolved attachment (missing): '/.attachments/image-f15f7ac0-d911-4cad-a7af-ea5f93fc68fc.png' on '/Requirement to Gap to Development Flow' was not found at '/.attachments/image-f15f7ac0-d911-4cad-a7af-ea5f93fc68fc.png' or in its Git history.
[2026-08-07 09:02:40.112] [Info] Writing attachments to repository '6918e79c-f7d4-4060-bc01-0195e3aeba26' branch 'refs/heads/wikiMaster' under '/'.
[2026-08-07 09:02:41.425] [Info] Skipped identical attachment 'image-f162321f-9a27-41ee-8827-9aa3c20dbeff.png'.
[2026-08-07 09:02:42.077] [Info] Skipped identical attachment 'image-f201b418-b2d0-42aa-983f-826178cb203c.png'.
[2026-08-07 09:02:42.544] [Info] Skipped identical attachment 'image-b264eea0-e740-40c0-8b20-e1d8deee2545.png'.
[2026-08-07 09:02:43.538] [Info] Skipped identical attachment 'image-c2e88598-28ad-4f6b-a21d-ba4b373a80f4.png'.
[2026-08-07 09:02:44.180] [Info] Skipped identical attachment 'image-05e1ad32-d832-4620-83f1-82aa106ae52f.png'.
[2026-08-07 09:02:44.742] [Info] Skipped identical attachment 'Gap to Development Flow-c06c6b20-b5bb-4349-9042-705ed9d38d2c.png'.
[2026-08-07 09:02:45.519] [Info] Skipped identical attachment 'Issue-7509dd8d-c8f8-47e2-8ea0-f5f538279997.jpg'.
[2026-08-07 09:02:46.687] [Info] Skipped identical attachment 'image-7095c22d-19b2-4a14-8ffc-bf6012683903.png'.
[2026-08-07 09:02:47.090] [Info] Skipped identical attachment 'image-f146631a-9d47-46d9-8785-a46a559a33bb.png'.
[2026-08-07 09:02:47.847] [Info] Skipped identical attachment 'image-4d58408a-ed35-4449-8e73-a62130c95d98.png'.
[2026-08-07 09:02:48.419] [Info] Skipped identical attachment 'image-98075c2f-0d36-4bb4-a4f8-b58d76987df6.png'.
[2026-08-07 09:02:49.071] [Info] Skipped identical attachment 'image-14311ada-4769-4cc8-b13c-e7a818ef4953.png'.
[2026-08-07 09:02:50.000] [Info] Skipped identical attachment 'image-17794254-8d3b-4c69-a69f-4d4d532385b5.png'.
[2026-08-07 09:02:51.027] [Info] Skipped identical attachment 'image-0c816129-356e-49e9-a402-d50b43db6cad.png'.
[2026-08-07 09:02:51.038] [Warning] Skipped 1 unresolved attachment(s); affected pages keep their existing broken link(s): '/.attachments/image-f15f7ac0-d911-4cad-a7af-ea5f93fc68fc.png' on '/Requirement to Gap to Development Flow' was not found at '/.attachments/image-f15f7ac0-d911-4cad-a7af-ea5f93fc68fc.png' or in its Git history.
[2026-08-07 09:02:51.053] [Success] Attachment migration complete. Total: 15, Uploaded: 0, Repaired: 0, Skipped: 15.
[2026-08-07 09:02:51.294] [Info] Skipped '/Project Summary'.
[2026-08-07 09:02:51.406] [Info] Skipped '/Project Timeline (High Level)'.
[2026-08-07 09:02:51.964] [Info] Updated '/Project Stages'.
[2026-08-07 09:02:52.060] [Info] Skipped '/Work Item Definitions'.
[2026-08-07 09:02:52.193] [Info] Skipped '/Requirement to Gap to Development Flow'.
[2026-08-07 09:02:52.289] [Info] Skipped '/Environment Definitions'.
[2026-08-07 09:02:52.376] [Info] Skipped '/Dashboards & Purpose'.
[2026-08-07 09:02:52.970] [Info] Updated '/Project Stages/Project Initiation'.
[2026-08-07 09:02:53.075] [Info] Skipped '/Work Item Definitions/Bug Work Item'.
[2026-08-07 09:02:53.221] [Info] Skipped '/Project Stages/Design and Build'.
[2026-08-07 09:02:53.326] [Info] Skipped '/Work Item Definitions/Configuration Work Item'.
[2026-08-07 09:02:53.419] [Info] Skipped '/Project Stages/Deployment'.
[2026-08-07 09:02:53.512] [Info] Skipped '/Work Item Definitions/Data Migration Work Item'.
[2026-08-07 09:02:53.614] [Info] Skipped '/Project Stages/Go Live & Hypercare'.
[2026-08-07 09:02:53.703] [Info] Skipped '/Work Item Definitions/Decision Work Item'.
[2026-08-07 09:02:53.816] [Info] Skipped '/Project Stages/Stabilization - Should this be Maintain - that is what is in the PMO intro deck'.
[2026-08-07 09:02:53.940] [Info] Skipped '/Work Item Definitions/Deliverable Work Item'.
[2026-08-07 09:02:54.040] [Info] Skipped '/Work Item Definitions/GAP Work Item'.
[2026-08-07 09:02:54.167] [Info] Skipped '/Work Item Definitions/Issue Work Item'.
[2026-08-07 09:02:54.273] [Info] Skipped '/Work Item Definitions/Question Work Item'.
[2026-08-07 09:02:54.371] [Info] Skipped '/Work Item Definitions/Requirement Work Item'.
[2026-08-07 09:02:54.981] [Info] Updated '/Work Item Definitions/User Story Work Item'.
[2026-08-07 09:02:55.109] [Info] Skipped '/Work Item Definitions/Test Case Work Item'.
[2026-08-07 09:02:55.747] [Info] Updated '/Project Stages/Deployment/CRP - Conference Room Pilot'.
[2026-08-07 09:02:56.376] [Info] Updated '/Project Stages/Design and Build/Iterations'.
[2026-08-07 09:02:56.918] [Info] Updated '/Project Stages/Go Live & Hypercare/Hypercare'.
[2026-08-07 09:02:57.444] [Info] Updated '/Project Stages/Project Initiation/Questionnaire'.
[2026-08-07 09:02:57.574] [Info] Skipped '/Project Stages/Stabilization - Should this be Maintain - that is what is in the PMO intro deck/Phase 2'.
[2026-08-07 09:02:58.046] [Info] Updated '/Project Stages/Deployment/UAT - User Acceptance Testing'.
[2026-08-07 09:02:58.168] [Info] Skipped '/Project Stages/Design and Build/Test Management'.
[2026-08-07 09:02:58.693] [Info] Updated '/Project Stages/Project Initiation/Solution Validation'.
[2026-08-07 09:02:59.133] [Info] Updated '/Project Stages/Stabilization - Should this be Maintain - that is what is in the PMO intro deck/Transition to Managed Services'.
[2026-08-07 09:02:59.661] [Info] Updated '/Project Stages/Deployment/Performance Testing'.
[2026-08-07 09:02:59.753] [Info] Skipped '/Project Stages/Deployment/Mock Go Live'.
[2026-08-07 09:03:00.246] [Info] Updated '/Project Stages/Deployment/Cutover'.
[2026-08-07 09:03:00.760] [Info] Updated '/Project Stages/Design and Build/Iterations/Design and Build Tips for Success'.
[2026-08-07 09:03:00.982] [Info] Skipped '/Project Stages/Design and Build/Iterations/Workshops'.
[2026-08-07 09:03:00.987] [Info] Validating target page content.
[2026-08-07 09:03:01.272] [Error] Migration failed: Target validation failed for '/Project Stages'.
