[2026-07-27 20:17:00.487] [Info] === Azure DevOps Wiki Migration Started ===
[2026-07-27 20:17:30.192] [Success] Connected to source and target projects.
[2026-07-27 20:17:30.659] [Info] Reading source wiki 'ProServ-Model-Combo-Project.wiki'.
[2026-07-27 20:17:31.135] [Info] Retrieved content for '/Dashboards & Purpose'.
[2026-07-27 20:17:31.342] [Info] Retrieved content for '/Environment Definitions'.
[2026-07-27 20:17:31.512] [Info] Retrieved content for '/Project Stages'.
[2026-07-27 20:17:31.720] [Info] Retrieved content for '/Project Stages/Deployment'.
[2026-07-27 20:17:31.977] [Info] Retrieved content for '/Project Stages/Deployment/CRP - Conference Room Pilot'.
[2026-07-27 20:17:32.426] [Info] Retrieved content for '/Project Stages/Deployment/Cutover'.
[2026-07-27 20:17:32.719] [Info] Retrieved content for '/Project Stages/Deployment/Mock Go Live'.
[2026-07-27 20:17:33.038] [Info] Retrieved content for '/Project Stages/Deployment/Performance Testing'.
[2026-07-27 20:17:33.332] [Info] Retrieved content for '/Project Stages/Deployment/UAT - User Acceptance Testing'.
[2026-07-27 20:17:33.708] [Info] Retrieved content for '/Project Stages/Design and Build'.
[2026-07-27 20:17:34.267] [Info] Retrieved content for '/Project Stages/Design and Build/Iterations'.
[2026-07-27 20:17:34.962] [Info] Retrieved content for '/Project Stages/Design and Build/Iterations/Design and Build Tips for Success'.
[2026-07-27 20:17:35.479] [Info] Retrieved content for '/Project Stages/Design and Build/Iterations/Workshops'.
[2026-07-27 20:17:35.824] [Info] Retrieved content for '/Project Stages/Design and Build/Test Management'.
[2026-07-27 20:17:36.275] [Info] Retrieved content for '/Project Stages/Go Live & Hypercare'.
[2026-07-27 20:17:36.593] [Info] Retrieved content for '/Project Stages/Go Live & Hypercare/Hypercare'.
[2026-07-27 20:17:37.271] [Info] Retrieved content for '/Project Stages/Project Initiation'.
[2026-07-27 20:17:37.925] [Info] Retrieved content for '/Project Stages/Project Initiation/Questionnaire'.
[2026-07-27 20:17:38.283] [Info] Retrieved content for '/Project Stages/Project Initiation/Solution Validation'.
[2026-07-27 20:17:38.813] [Info] Retrieved content for '/Project Stages/Stabilization - Should this be Maintain - that is what is in the PMO intro deck'.
[2026-07-27 20:17:39.199] [Info] Retrieved content for '/Project Stages/Stabilization - Should this be Maintain - that is what is in the PMO intro deck/Phase 2'.
[2026-07-27 20:17:39.742] [Info] Retrieved content for '/Project Stages/Stabilization - Should this be Maintain - that is what is in the PMO intro deck/Transition to Managed Services'.
[2026-07-27 20:17:40.490] [Info] Retrieved content for '/Project Summary'.
[2026-07-27 20:17:40.938] [Info] Retrieved content for '/Project Timeline (High Level)'.
[2026-07-27 20:17:41.280] [Info] Retrieved content for '/Requirement to Gap to Development Flow'.
[2026-07-27 20:17:41.673] [Info] Retrieved content for '/Work Item Definitions'.
[2026-07-27 20:17:42.224] [Info] Retrieved content for '/Work Item Definitions/Bug Work Item'.
[2026-07-27 20:17:42.606] [Info] Retrieved content for '/Work Item Definitions/Configuration Work Item'.
[2026-07-27 20:17:42.904] [Info] Retrieved content for '/Work Item Definitions/Data Migration Work Item'.
[2026-07-27 20:17:43.895] [Info] Retrieved content for '/Work Item Definitions/Decision Work Item'.
[2026-07-27 20:17:44.289] [Info] Retrieved content for '/Work Item Definitions/Deliverable Work Item'.
[2026-07-27 20:17:44.789] [Info] Retrieved content for '/Work Item Definitions/GAP Work Item'.
[2026-07-27 20:17:45.498] [Info] Retrieved content for '/Work Item Definitions/Issue Work Item'.
[2026-07-27 20:17:45.870] [Info] Retrieved content for '/Work Item Definitions/Question Work Item'.
[2026-07-27 20:17:46.450] [Info] Retrieved content for '/Work Item Definitions/Requirement Work Item'.
[2026-07-27 20:17:46.726] [Info] Retrieved content for '/Work Item Definitions/Test Case Work Item'.
[2026-07-27 20:17:47.181] [Info] Retrieved content for '/Work Item Definitions/User Story Work Item'.
[2026-07-27 20:17:47.400] [Success] Retrieved content for 37 source page(s).
[2026-07-27 20:17:47.956] [Info] Using existing target wiki 'Unity---HSO'.
[2026-07-27 20:17:48.767] [Info] Preflighting 15 referenced wiki attachment(s).
[2026-07-27 20:17:48.867] [Info] Source wiki 'ProServ-Model-Combo-Project.wiki': repositoryId '354a44d3-4fe0-4800-a32c-7a970962179a', mappedPath '/', attachment scopePath '/.attachments'.
[2026-07-27 20:17:49.192] [Info] Source wiki attachment listing returned 21 item(s) under '/.attachments'.
[2026-07-27 20:17:50.093] [Warning] Diagnostic: no path in the source attachment listing (21 total item(s)) resembles 'image-f15f7ac0-d911-4cad-a7af-ea5f93fc68fc.png'. Expected path was '/.attachments/image-f15f7ac0-d911-4cad-a7af-ea5f93fc68fc.png'.
[2026-07-27 20:17:50.188] [Error] Migration failed: Attachment preflight failed; no target attachments were changed. '/.attachments/image-f15f7ac0-d911-4cad-a7af-ea5f93fc68fc.png' on '/Requirement to Gap to Development Flow' was not found at '/.attachments/image-f15f7ac0-d911-4cad-a7af-ea5f93fc68fc.png' or in its Git history.
