[2026-08-07 08:55:50.652] [Info] === Azure DevOps Wiki Migration Started ===
[2026-08-07 08:55:51.109] [Success] Connected to source and target projects.
[2026-08-07 08:55:51.376] [Info] Reading source wiki 'ProServ-Model-Combo-Project.wiki'.
[2026-08-07 08:55:52.561] [Info] Retrieved content for '/Dashboards & Purpose'.
[2026-08-07 08:55:52.887] [Info] Retrieved content for '/Environment Definitions'.
[2026-08-07 08:55:53.003] [Info] Retrieved content for '/Project Stages'.
[2026-08-07 08:55:53.178] [Info] Retrieved content for '/Project Stages/Deployment'.
[2026-08-07 08:55:53.824] [Info] Retrieved content for '/Project Stages/Deployment/CRP - Conference Room Pilot'.
[2026-08-07 08:55:53.953] [Info] Retrieved content for '/Project Stages/Deployment/Cutover'.
[2026-08-07 08:55:54.172] [Info] Retrieved content for '/Project Stages/Deployment/Mock Go Live'.
[2026-08-07 08:55:54.304] [Info] Retrieved content for '/Project Stages/Deployment/Performance Testing'.
[2026-08-07 08:55:54.435] [Info] Retrieved content for '/Project Stages/Deployment/UAT - User Acceptance Testing'.
[2026-08-07 08:55:54.863] [Info] Retrieved content for '/Project Stages/Design and Build'.
[2026-08-07 08:55:55.012] [Info] Retrieved content for '/Project Stages/Design and Build/Iterations'.
[2026-08-07 08:55:55.129] [Info] Retrieved content for '/Project Stages/Design and Build/Iterations/Design and Build Tips for Success'.
[2026-08-07 08:55:55.250] [Info] Retrieved content for '/Project Stages/Design and Build/Iterations/Workshops'.
[2026-08-07 08:55:55.386] [Info] Retrieved content for '/Project Stages/Design and Build/Test Management'.
[2026-08-07 08:55:55.559] [Info] Retrieved content for '/Project Stages/Go Live & Hypercare'.
[2026-08-07 08:55:55.700] [Info] Retrieved content for '/Project Stages/Go Live & Hypercare/Hypercare'.
[2026-08-07 08:55:55.853] [Info] Retrieved content for '/Project Stages/Project Initiation'.
[2026-08-07 08:55:55.980] [Info] Retrieved content for '/Project Stages/Project Initiation/Questionnaire'.
[2026-08-07 08:55:56.102] [Info] Retrieved content for '/Project Stages/Project Initiation/Solution Validation'.
[2026-08-07 08:55:56.288] [Info] Retrieved content for '/Project Stages/Stabilization - Should this be Maintain - that is what is in the PMO intro deck'.
[2026-08-07 08:55:56.404] [Info] Retrieved content for '/Project Stages/Stabilization - Should this be Maintain - that is what is in the PMO intro deck/Phase 2'.
[2026-08-07 08:55:56.731] [Info] Retrieved content for '/Project Stages/Stabilization - Should this be Maintain - that is what is in the PMO intro deck/Transition to Managed Services'.
[2026-08-07 08:55:56.843] [Info] Retrieved content for '/Project Summary'.
[2026-08-07 08:55:56.949] [Info] Retrieved content for '/Project Timeline (High Level)'.
[2026-08-07 08:55:57.299] [Info] Retrieved content for '/Requirement to Gap to Development Flow'.
[2026-08-07 08:55:57.458] [Info] Retrieved content for '/Work Item Definitions'.
[2026-08-07 08:55:57.613] [Info] Retrieved content for '/Work Item Definitions/Bug Work Item'.
[2026-08-07 08:55:57.744] [Info] Retrieved content for '/Work Item Definitions/Configuration Work Item'.
[2026-08-07 08:55:58.207] [Info] Retrieved content for '/Work Item Definitions/Data Migration Work Item'.
[2026-08-07 08:55:58.488] [Info] Retrieved content for '/Work Item Definitions/Decision Work Item'.
[2026-08-07 08:55:58.658] [Info] Retrieved content for '/Work Item Definitions/Deliverable Work Item'.
[2026-08-07 08:55:58.782] [Info] Retrieved content for '/Work Item Definitions/GAP Work Item'.
[2026-08-07 08:55:58.884] [Info] Retrieved content for '/Work Item Definitions/Issue Work Item'.
[2026-08-07 08:55:58.999] [Info] Retrieved content for '/Work Item Definitions/Question Work Item'.
[2026-08-07 08:55:59.111] [Info] Retrieved content for '/Work Item Definitions/Requirement Work Item'.
[2026-08-07 08:55:59.249] [Info] Retrieved content for '/Work Item Definitions/Test Case Work Item'.
[2026-08-07 08:55:59.434] [Info] Retrieved content for '/Work Item Definitions/User Story Work Item'.
[2026-08-07 08:55:59.510] [Success] Retrieved content for 37 source page(s).
[2026-08-07 08:55:59.968] [Error] Migration failed: Azure DevOps POST failed for 'https://dev.azure.com/spriestley/c4bec1a3-22aa-4ae9-9b4d-bc952c7d511b/_apis/wiki/wikis?api-version=7.1-preview.2' with status 500. {"$id":"1","innerException":null,"message":"TF400948: A Git repository with the name TestBed already exists.","typeName":"Microsoft.TeamFoundation.Git.Server.GitRepositoryNameAlreadyExistsException, Microsoft.TeamFoundation.Git.Server","typeKey":"GitRepositoryNameAlreadyExistsException","errorCode":0,"eventId":3000}
