[2026-07-27 20:11:50.466] [Info] === Azure DevOps Wiki Migration Started ===
[2026-07-27 20:12:19.923] [Success] Connected to source and target projects.
[2026-07-27 20:12:20.208] [Info] Reading source wiki 'ProServ-Model-Combo-Project.wiki'.
[2026-07-27 20:12:20.649] [Info] Retrieved content for '/Dashboards & Purpose'.
[2026-07-27 20:12:21.662] [Info] Retrieved content for '/Environment Definitions'.
[2026-07-27 20:12:22.903] [Info] Retrieved content for '/Project Stages'.
[2026-07-27 20:12:23.388] [Info] Retrieved content for '/Project Stages/Deployment'.
[2026-07-27 20:12:23.943] [Info] Retrieved content for '/Project Stages/Deployment/CRP - Conference Room Pilot'.
[2026-07-27 20:12:25.231] [Info] Retrieved content for '/Project Stages/Deployment/Cutover'.
[2026-07-27 20:12:25.779] [Info] Retrieved content for '/Project Stages/Deployment/Mock Go Live'.
[2026-07-27 20:12:26.360] [Info] Retrieved content for '/Project Stages/Deployment/Performance Testing'.
[2026-07-27 20:12:26.838] [Info] Retrieved content for '/Project Stages/Deployment/UAT - User Acceptance Testing'.
[2026-07-27 20:12:27.318] [Info] Retrieved content for '/Project Stages/Design and Build'.
[2026-07-27 20:12:27.891] [Info] Retrieved content for '/Project Stages/Design and Build/Iterations'.
[2026-07-27 20:12:28.332] [Info] Retrieved content for '/Project Stages/Design and Build/Iterations/Design and Build Tips for Success'.
[2026-07-27 20:12:28.746] [Info] Retrieved content for '/Project Stages/Design and Build/Iterations/Workshops'.
[2026-07-27 20:12:29.302] [Info] Retrieved content for '/Project Stages/Design and Build/Test Management'.
[2026-07-27 20:12:29.947] [Info] Retrieved content for '/Project Stages/Go Live & Hypercare'.
[2026-07-27 20:12:30.339] [Info] Retrieved content for '/Project Stages/Go Live & Hypercare/Hypercare'.
[2026-07-27 20:12:31.009] [Info] Retrieved content for '/Project Stages/Project Initiation'.
[2026-07-27 20:12:31.322] [Info] Retrieved content for '/Project Stages/Project Initiation/Questionnaire'.
[2026-07-27 20:12:31.674] [Info] Retrieved content for '/Project Stages/Project Initiation/Solution Validation'.
[2026-07-27 20:12:31.974] [Info] Retrieved content for '/Project Stages/Stabilization - Should this be Maintain - that is what is in the PMO intro deck'.
[2026-07-27 20:12:32.430] [Info] Retrieved content for '/Project Stages/Stabilization - Should this be Maintain - that is what is in the PMO intro deck/Phase 2'.
[2026-07-27 20:12:33.045] [Info] Retrieved content for '/Project Stages/Stabilization - Should this be Maintain - that is what is in the PMO intro deck/Transition to Managed Services'.
[2026-07-27 20:12:33.356] [Info] Retrieved content for '/Project Summary'.
[2026-07-27 20:12:33.722] [Info] Retrieved content for '/Project Timeline (High Level)'.
[2026-07-27 20:12:34.091] [Info] Retrieved content for '/Requirement to Gap to Development Flow'.
[2026-07-27 20:12:34.389] [Info] Retrieved content for '/Work Item Definitions'.
[2026-07-27 20:12:34.911] [Info] Retrieved content for '/Work Item Definitions/Bug Work Item'.
[2026-07-27 20:12:35.397] [Info] Retrieved content for '/Work Item Definitions/Configuration Work Item'.
[2026-07-27 20:12:35.877] [Info] Retrieved content for '/Work Item Definitions/Data Migration Work Item'.
[2026-07-27 20:12:36.709] [Info] Retrieved content for '/Work Item Definitions/Decision Work Item'.
[2026-07-27 20:12:37.162] [Info] Retrieved content for '/Work Item Definitions/Deliverable Work Item'.
[2026-07-27 20:12:37.559] [Info] Retrieved content for '/Work Item Definitions/GAP Work Item'.
[2026-07-27 20:12:38.161] [Info] Retrieved content for '/Work Item Definitions/Issue Work Item'.
[2026-07-27 20:12:38.547] [Info] Retrieved content for '/Work Item Definitions/Question Work Item'.
[2026-07-27 20:12:39.019] [Info] Retrieved content for '/Work Item Definitions/Requirement Work Item'.
[2026-07-27 20:12:39.320] [Info] Retrieved content for '/Work Item Definitions/Test Case Work Item'.
[2026-07-27 20:12:39.808] [Info] Retrieved content for '/Work Item Definitions/User Story Work Item'.
[2026-07-27 20:12:39.981] [Success] Retrieved content for 37 source page(s).
[2026-07-27 20:12:40.457] [Info] Using existing target wiki 'Unity---HSO'.
[2026-07-27 20:12:41.152] [Info] Preflighting 15 referenced wiki attachment(s).
[2026-07-27 20:12:41.347] [Info] Source wiki 'ProServ-Model-Combo-Project.wiki': repositoryId '354a44d3-4fe0-4800-a32c-7a970962179a', mappedPath '/', attachment scopePath '/.attachments'.
[2026-07-27 20:12:41.828] [Info] Source wiki attachment listing returned 21 item(s) under '/.attachments'.
[2026-07-27 20:12:43.048] [Warning] Diagnostic: no path in the source attachment listing (21 total item(s)) resembles 'image-f15f7ac0-d911-4cad-a7af-ea5f93fc68fc.png'. Expected path was '/.attachments/image-f15f7ac0-d911-4cad-a7af-ea5f93fc68fc.png'.
[2026-07-27 20:12:43.156] [Error] Migration failed: Attachment preflight failed; no target attachments were changed. '/.attachments/image-f15f7ac0-d911-4cad-a7af-ea5f93fc68fc.png' on '/Requirement to Gap to Development Flow' was not found at '/.attachments/image-f15f7ac0-d911-4cad-a7af-ea5f93fc68fc.png' or in its Git history.
