[2026-07-27 19:31:38.214] [Info] === Azure DevOps Wiki Migration Started ===
[2026-07-27 19:32:15.743] [Success] Connected to source and target projects.
[2026-07-27 19:32:15.962] [Info] Reading source wiki 'ProServ-Model-Combo-Project.wiki'.
[2026-07-27 19:32:16.375] [Info] Retrieved content for '/Dashboards & Purpose'.
[2026-07-27 19:32:16.569] [Info] Retrieved content for '/Environment Definitions'.
[2026-07-27 19:32:16.799] [Info] Retrieved content for '/Project Stages'.
[2026-07-27 19:32:16.993] [Info] Retrieved content for '/Project Stages/Deployment'.
[2026-07-27 19:32:17.147] [Info] Retrieved content for '/Project Stages/Deployment/CRP - Conference Room Pilot'.
[2026-07-27 19:32:17.363] [Info] Retrieved content for '/Project Stages/Deployment/Cutover'.
[2026-07-27 19:32:19.000] [Info] Retrieved content for '/Project Stages/Deployment/Mock Go Live'.
[2026-07-27 19:32:20.059] [Info] Retrieved content for '/Project Stages/Deployment/Performance Testing'.
[2026-07-27 19:32:20.556] [Info] Retrieved content for '/Project Stages/Deployment/UAT - User Acceptance Testing'.
[2026-07-27 19:32:20.890] [Info] Retrieved content for '/Project Stages/Design and Build'.
[2026-07-27 19:32:21.151] [Info] Retrieved content for '/Project Stages/Design and Build/Iterations'.
[2026-07-27 19:32:21.656] [Info] Retrieved content for '/Project Stages/Design and Build/Iterations/Design and Build Tips for Success'.
[2026-07-27 19:32:21.964] [Info] Retrieved content for '/Project Stages/Design and Build/Iterations/Workshops'.
[2026-07-27 19:32:22.299] [Info] Retrieved content for '/Project Stages/Design and Build/Test Management'.
[2026-07-27 19:32:22.564] [Info] Retrieved content for '/Project Stages/Go Live & Hypercare'.
[2026-07-27 19:32:22.748] [Info] Retrieved content for '/Project Stages/Go Live & Hypercare/Hypercare'.
[2026-07-27 19:32:22.988] [Info] Retrieved content for '/Project Stages/Project Initiation'.
[2026-07-27 19:32:23.200] [Info] Retrieved content for '/Project Stages/Project Initiation/Questionnaire'.
[2026-07-27 19:32:24.371] [Info] Retrieved content for '/Project Stages/Project Initiation/Solution Validation'.
[2026-07-27 19:32:24.692] [Info] Retrieved content for '/Project Stages/Stabilization - Should this be Maintain - that is what is in the PMO intro deck'.
[2026-07-27 19:32:24.932] [Info] Retrieved content for '/Project Stages/Stabilization - Should this be Maintain - that is what is in the PMO intro deck/Phase 2'.
[2026-07-27 19:32:25.248] [Info] Retrieved content for '/Project Stages/Stabilization - Should this be Maintain - that is what is in the PMO intro deck/Transition to Managed Services'.
[2026-07-27 19:32:25.639] [Info] Retrieved content for '/Project Summary'.
[2026-07-27 19:32:26.050] [Info] Retrieved content for '/Project Timeline (High Level)'.
[2026-07-27 19:32:26.355] [Info] Retrieved content for '/Requirement to Gap to Development Flow'.
[2026-07-27 19:32:26.581] [Info] Retrieved content for '/Work Item Definitions'.
[2026-07-27 19:32:26.984] [Info] Retrieved content for '/Work Item Definitions/Bug Work Item'.
[2026-07-27 19:32:27.197] [Info] Retrieved content for '/Work Item Definitions/Configuration Work Item'.
[2026-07-27 19:32:27.480] [Info] Retrieved content for '/Work Item Definitions/Data Migration Work Item'.
[2026-07-27 19:32:27.719] [Info] Retrieved content for '/Work Item Definitions/Decision Work Item'.
[2026-07-27 19:32:27.940] [Info] Retrieved content for '/Work Item Definitions/Deliverable Work Item'.
[2026-07-27 19:32:28.328] [Info] Retrieved content for '/Work Item Definitions/GAP Work Item'.
[2026-07-27 19:32:28.585] [Info] Retrieved content for '/Work Item Definitions/Issue Work Item'.
[2026-07-27 19:32:28.854] [Info] Retrieved content for '/Work Item Definitions/Question Work Item'.
[2026-07-27 19:32:29.037] [Info] Retrieved content for '/Work Item Definitions/Requirement Work Item'.
[2026-07-27 19:32:29.237] [Info] Retrieved content for '/Work Item Definitions/Test Case Work Item'.
[2026-07-27 19:32:29.515] [Info] Retrieved content for '/Work Item Definitions/User Story Work Item'.
[2026-07-27 19:32:29.692] [Success] Retrieved content for 37 source page(s).
[2026-07-27 19:32:30.125] [Info] Using existing target wiki 'Unity---HSO'.
[2026-07-27 19:32:30.234] [Info] Migrating 15 referenced wiki attachment(s).
[2026-07-27 19:32:32.611] [Error] Migration failed: Target attachment validation failed for '/.attachments/image-f162321f-9a27-41ee-8827-9aa3c20dbeff.png'. Source: 1096 bytes (897980553da8f17dd7448f85ffd18a272d741b5d6d11ea84f31faf98f200109b); target: 1104 bytes (4b48f084df571ab7922489c9cee046a5fcdf8739340bd4c94ae6d5d0198038b2).
