[2026-07-27 17:53:39.808] [Info] === Azure DevOps Wiki Migration Started ===
[2026-07-27 17:54:25.475] [Success] Connected to source and target projects.
[2026-07-27 17:54:26.961] [Info] Reading source wiki 'ProServ-Model-Combo-Project.wiki'.
[2026-07-27 17:54:27.830] [Info] Retrieved content for '/Dashboards & Purpose'.
[2026-07-27 17:54:28.174] [Info] Retrieved content for '/Environment Definitions'.
[2026-07-27 17:54:28.617] [Info] Retrieved content for '/Project Stages'.
[2026-07-27 17:54:29.224] [Info] Retrieved content for '/Project Stages/Deployment'.
[2026-07-27 17:54:29.754] [Info] Retrieved content for '/Project Stages/Deployment/CRP - Conference Room Pilot'.
[2026-07-27 17:54:30.170] [Info] Retrieved content for '/Project Stages/Deployment/Cutover'.
[2026-07-27 17:54:30.314] [Info] Retrieved content for '/Project Stages/Deployment/Mock Go Live'.
[2026-07-27 17:54:30.676] [Info] Retrieved content for '/Project Stages/Deployment/Performance Testing'.
[2026-07-27 17:54:31.246] [Info] Retrieved content for '/Project Stages/Deployment/UAT - User Acceptance Testing'.
[2026-07-27 17:54:31.557] [Info] Retrieved content for '/Project Stages/Design and Build'.
[2026-07-27 17:54:31.986] [Info] Retrieved content for '/Project Stages/Design and Build/Iterations'.
[2026-07-27 17:54:32.164] [Info] Retrieved content for '/Project Stages/Design and Build/Iterations/Design and Build Tips for Success'.
[2026-07-27 17:54:32.312] [Info] Retrieved content for '/Project Stages/Design and Build/Iterations/Workshops'.
[2026-07-27 17:54:32.470] [Info] Retrieved content for '/Project Stages/Design and Build/Test Management'.
[2026-07-27 17:54:32.874] [Info] Retrieved content for '/Project Stages/Go Live & Hypercare'.
[2026-07-27 17:54:33.021] [Info] Retrieved content for '/Project Stages/Go Live & Hypercare/Hypercare'.
[2026-07-27 17:54:33.173] [Info] Retrieved content for '/Project Stages/Project Initiation'.
[2026-07-27 17:54:33.356] [Info] Retrieved content for '/Project Stages/Project Initiation/Questionnaire'.
[2026-07-27 17:54:33.508] [Info] Retrieved content for '/Project Stages/Project Initiation/Solution Validation'.
[2026-07-27 17:54:33.658] [Info] Retrieved content for '/Project Stages/Stabilization - Should this be Maintain - that is what is in the PMO intro deck'.
[2026-07-27 17:54:33.808] [Info] Retrieved content for '/Project Stages/Stabilization - Should this be Maintain - that is what is in the PMO intro deck/Phase 2'.
[2026-07-27 17:54:34.652] [Info] Retrieved content for '/Project Stages/Stabilization - Should this be Maintain - that is what is in the PMO intro deck/Transition to Managed Services'.
[2026-07-27 17:54:34.803] [Info] Retrieved content for '/Project Summary'.
[2026-07-27 17:54:34.939] [Info] Retrieved content for '/Project Timeline (High Level)'.
[2026-07-27 17:54:35.092] [Info] Retrieved content for '/Requirement to Gap to Development Flow'.
[2026-07-27 17:54:35.293] [Info] Retrieved content for '/Work Item Definitions'.
[2026-07-27 17:54:35.507] [Info] Retrieved content for '/Work Item Definitions/Bug Work Item'.
[2026-07-27 17:54:35.662] [Info] Retrieved content for '/Work Item Definitions/Configuration Work Item'.
[2026-07-27 17:54:35.807] [Info] Retrieved content for '/Work Item Definitions/Data Migration Work Item'.
[2026-07-27 17:54:35.954] [Info] Retrieved content for '/Work Item Definitions/Decision Work Item'.
[2026-07-27 17:54:36.106] [Info] Retrieved content for '/Work Item Definitions/Deliverable Work Item'.
[2026-07-27 17:54:36.257] [Info] Retrieved content for '/Work Item Definitions/GAP Work Item'.
[2026-07-27 17:54:36.420] [Info] Retrieved content for '/Work Item Definitions/Issue Work Item'.
[2026-07-27 17:54:36.668] [Info] Retrieved content for '/Work Item Definitions/Question Work Item'.
[2026-07-27 17:54:36.814] [Info] Retrieved content for '/Work Item Definitions/Requirement Work Item'.
[2026-07-27 17:54:36.964] [Info] Retrieved content for '/Work Item Definitions/Test Case Work Item'.
[2026-07-27 17:54:37.114] [Info] Retrieved content for '/Work Item Definitions/User Story Work Item'.
[2026-07-27 17:54:37.156] [Success] Retrieved content for 37 source page(s).
[2026-07-27 17:54:40.274] [Success] Created target wiki 'Unity---HSO'.
[2026-07-27 17:54:42.377] [Info] Created '/Project Summary'.
[2026-07-27 17:54:44.013] [Info] Created '/Project Timeline (High Level)'.
[2026-07-27 17:54:45.168] [Info] Created '/Project Stages'.
[2026-07-27 17:54:47.066] [Info] Created '/Work Item Definitions'.
[2026-07-27 17:54:48.510] [Info] Created '/Requirement to Gap to Development Flow'.
[2026-07-27 17:54:49.767] [Info] Created '/Environment Definitions'.
[2026-07-27 17:54:51.090] [Info] Created '/Dashboards & Purpose'.
[2026-07-27 17:54:52.139] [Info] Created '/Project Stages/Project Initiation'.
[2026-07-27 17:54:53.426] [Info] Created '/Work Item Definitions/Bug Work Item'.
[2026-07-27 17:54:54.366] [Info] Created '/Project Stages/Design and Build'.
[2026-07-27 17:54:55.948] [Info] Created '/Work Item Definitions/Configuration Work Item'.
[2026-07-27 17:54:57.362] [Info] Created '/Project Stages/Deployment'.
[2026-07-27 17:54:58.719] [Info] Created '/Work Item Definitions/Data Migration Work Item'.
[2026-07-27 17:54:59.721] [Info] Created '/Project Stages/Go Live & Hypercare'.
[2026-07-27 17:55:01.910] [Info] Created '/Work Item Definitions/Decision Work Item'.
[2026-07-27 17:55:03.632] [Info] Created '/Project Stages/Stabilization - Should this be Maintain - that is what is in the PMO intro deck'.
[2026-07-27 17:55:05.462] [Info] Created '/Work Item Definitions/Deliverable Work Item'.
[2026-07-27 17:55:06.868] [Info] Created '/Work Item Definitions/GAP Work Item'.
[2026-07-27 17:55:08.491] [Info] Created '/Work Item Definitions/Issue Work Item'.
[2026-07-27 17:55:09.388] [Info] Created '/Work Item Definitions/Question Work Item'.
[2026-07-27 17:55:11.264] [Info] Created '/Work Item Definitions/Requirement Work Item'.
[2026-07-27 17:55:13.410] [Info] Created '/Work Item Definitions/User Story Work Item'.
[2026-07-27 17:55:14.711] [Info] Created '/Work Item Definitions/Test Case Work Item'.
[2026-07-27 17:55:15.979] [Info] Created '/Project Stages/Deployment/CRP - Conference Room Pilot'.
[2026-07-27 17:55:18.322] [Info] Created '/Project Stages/Design and Build/Iterations'.
[2026-07-27 17:55:19.414] [Info] Created '/Project Stages/Go Live & Hypercare/Hypercare'.
[2026-07-27 17:55:20.738] [Info] Created '/Project Stages/Project Initiation/Questionnaire'.
[2026-07-27 17:55:22.480] [Info] Created '/Project Stages/Stabilization - Should this be Maintain - that is what is in the PMO intro deck/Phase 2'.
[2026-07-27 17:55:23.753] [Info] Created '/Project Stages/Deployment/UAT - User Acceptance Testing'.
[2026-07-27 17:55:24.743] [Info] Created '/Project Stages/Design and Build/Test Management'.
[2026-07-27 17:55:25.722] [Info] Created '/Project Stages/Project Initiation/Solution Validation'.
[2026-07-27 17:55:26.856] [Info] Created '/Project Stages/Stabilization - Should this be Maintain - that is what is in the PMO intro deck/Transition to Managed Services'.
[2026-07-27 17:55:28.072] [Info] Created '/Project Stages/Deployment/Performance Testing'.
[2026-07-27 17:55:29.739] [Info] Created '/Project Stages/Deployment/Mock Go Live'.
[2026-07-27 17:55:31.077] [Info] Created '/Project Stages/Deployment/Cutover'.
[2026-07-27 17:55:32.462] [Info] Created '/Project Stages/Design and Build/Iterations/Design and Build Tips for Success'.
[2026-07-27 17:55:34.082] [Info] Created '/Project Stages/Design and Build/Iterations/Workshops'.
[2026-07-27 17:55:34.113] [Info] Validating target page content.
[2026-07-27 17:55:44.784] [Success] Migration complete. Total: 37, Created: 37, Updated: 0.
