[2026-08-07 09:06:31.969] [Info] === Azure DevOps Wiki Migration Started ===
[2026-08-07 09:06:32.616] [Success] Connected to source and target projects.
[2026-08-07 09:06:32.773] [Info] Reading source wiki 'ProServ-Model-Combo-Project.wiki'.
[2026-08-07 09:06:33.096] [Info] Retrieved content for '/Dashboards & Purpose'.
[2026-08-07 09:06:33.212] [Info] Retrieved content for '/Environment Definitions'.
[2026-08-07 09:06:33.463] [Info] Retrieved content for '/Project Stages'.
[2026-08-07 09:06:33.639] [Info] Retrieved content for '/Project Stages/Deployment'.
[2026-08-07 09:06:33.761] [Info] Retrieved content for '/Project Stages/Deployment/CRP - Conference Room Pilot'.
[2026-08-07 09:06:33.881] [Info] Retrieved content for '/Project Stages/Deployment/Cutover'.
[2026-08-07 09:06:34.012] [Info] Retrieved content for '/Project Stages/Deployment/Mock Go Live'.
[2026-08-07 09:06:34.143] [Info] Retrieved content for '/Project Stages/Deployment/Performance Testing'.
[2026-08-07 09:06:34.398] [Info] Retrieved content for '/Project Stages/Deployment/UAT - User Acceptance Testing'.
[2026-08-07 09:06:34.539] [Info] Retrieved content for '/Project Stages/Design and Build'.
[2026-08-07 09:06:34.694] [Info] Retrieved content for '/Project Stages/Design and Build/Iterations'.
[2026-08-07 09:06:34.830] [Info] Retrieved content for '/Project Stages/Design and Build/Iterations/Design and Build Tips for Success'.
[2026-08-07 09:06:34.960] [Info] Retrieved content for '/Project Stages/Design and Build/Iterations/Workshops'.
[2026-08-07 09:06:35.299] [Info] Retrieved content for '/Project Stages/Design and Build/Test Management'.
[2026-08-07 09:06:35.421] [Info] Retrieved content for '/Project Stages/Go Live & Hypercare'.
[2026-08-07 09:06:35.605] [Info] Retrieved content for '/Project Stages/Go Live & Hypercare/Hypercare'.
[2026-08-07 09:06:35.733] [Info] Retrieved content for '/Project Stages/Project Initiation'.
[2026-08-07 09:06:35.848] [Info] Retrieved content for '/Project Stages/Project Initiation/Questionnaire'.
[2026-08-07 09:06:35.981] [Info] Retrieved content for '/Project Stages/Project Initiation/Solution Validation'.
[2026-08-07 09:06:36.091] [Info] Retrieved content for '/Project Stages/Stabilization - Should this be Maintain - that is what is in the PMO intro deck'.
[2026-08-07 09:06:36.231] [Info] Retrieved content for '/Project Stages/Stabilization - Should this be Maintain - that is what is in the PMO intro deck/Phase 2'.
[2026-08-07 09:06:36.404] [Info] Retrieved content for '/Project Stages/Stabilization - Should this be Maintain - that is what is in the PMO intro deck/Transition to Managed Services'.
[2026-08-07 09:06:36.567] [Info] Retrieved content for '/Project Summary'.
[2026-08-07 09:06:36.703] [Info] Retrieved content for '/Project Timeline (High Level)'.
[2026-08-07 09:06:37.092] [Info] Retrieved content for '/Requirement to Gap to Development Flow'.
[2026-08-07 09:06:37.284] [Info] Retrieved content for '/Work Item Definitions'.
[2026-08-07 09:06:37.379] [Info] Retrieved content for '/Work Item Definitions/Bug Work Item'.
[2026-08-07 09:06:37.577] [Info] Retrieved content for '/Work Item Definitions/Configuration Work Item'.
[2026-08-07 09:06:37.678] [Info] Retrieved content for '/Work Item Definitions/Data Migration Work Item'.
[2026-08-07 09:06:37.794] [Info] Retrieved content for '/Work Item Definitions/Decision Work Item'.
[2026-08-07 09:06:37.923] [Info] Retrieved content for '/Work Item Definitions/Deliverable Work Item'.
[2026-08-07 09:06:38.057] [Info] Retrieved content for '/Work Item Definitions/GAP Work Item'.
[2026-08-07 09:06:38.202] [Info] Retrieved content for '/Work Item Definitions/Issue Work Item'.
[2026-08-07 09:06:38.338] [Info] Retrieved content for '/Work Item Definitions/Question Work Item'.
[2026-08-07 09:06:38.582] [Info] Retrieved content for '/Work Item Definitions/Requirement Work Item'.
[2026-08-07 09:06:38.697] [Info] Retrieved content for '/Work Item Definitions/Test Case Work Item'.
[2026-08-07 09:06:38.988] [Info] Retrieved content for '/Work Item Definitions/User Story Work Item'.
[2026-08-07 09:06:39.050] [Success] Retrieved content for 37 source page(s).
[2026-08-07 09:06:39.148] [Info] Using existing target wiki 'TestBed.wiki'.
[2026-08-07 09:06:39.366] [Info] Preflighting 15 referenced wiki attachment(s).
[2026-08-07 09:06:39.423] [Info] Source wiki 'ProServ-Model-Combo-Project.wiki': repositoryId '354a44d3-4fe0-4800-a32c-7a970962179a', mappedPath '/', attachment scopePath '/.attachments'.
[2026-08-07 09:06:39.592] [Info] Source wiki attachment listing returned 21 item(s) under '/.attachments'.
[2026-08-07 09:06:40.166] [Warning] Diagnostic: no path in the source attachment listing (21 total item(s)) resembles 'image-f15f7ac0-d911-4cad-a7af-ea5f93fc68fc.png'. Expected path was '/.attachments/image-f15f7ac0-d911-4cad-a7af-ea5f93fc68fc.png'.
[2026-08-07 09:06:40.195] [Warning] Skipping unresolved attachment (missing): '/.attachments/image-f15f7ac0-d911-4cad-a7af-ea5f93fc68fc.png' on '/Requirement to Gap to Development Flow' was not found at '/.attachments/image-f15f7ac0-d911-4cad-a7af-ea5f93fc68fc.png' or in its Git history.
[2026-08-07 09:06:40.388] [Info] Writing attachments to repository '6918e79c-f7d4-4060-bc01-0195e3aeba26' branch 'refs/heads/wikiMaster' under '/'.
[2026-08-07 09:06:43.023] [Info] Skipped identical attachment 'image-f162321f-9a27-41ee-8827-9aa3c20dbeff.png'.
[2026-08-07 09:06:43.584] [Info] Skipped identical attachment 'image-f201b418-b2d0-42aa-983f-826178cb203c.png'.
[2026-08-07 09:06:44.362] [Info] Skipped identical attachment 'image-b264eea0-e740-40c0-8b20-e1d8deee2545.png'.
[2026-08-07 09:06:45.357] [Info] Skipped identical attachment 'image-c2e88598-28ad-4f6b-a21d-ba4b373a80f4.png'.
[2026-08-07 09:06:46.375] [Info] Skipped identical attachment 'image-05e1ad32-d832-4620-83f1-82aa106ae52f.png'.
[2026-08-07 09:06:46.978] [Info] Skipped identical attachment 'Gap to Development Flow-c06c6b20-b5bb-4349-9042-705ed9d38d2c.png'.
[2026-08-07 09:06:47.863] [Info] Skipped identical attachment 'Issue-7509dd8d-c8f8-47e2-8ea0-f5f538279997.jpg'.
[2026-08-07 09:06:49.212] [Info] Skipped identical attachment 'image-7095c22d-19b2-4a14-8ffc-bf6012683903.png'.
[2026-08-07 09:06:49.844] [Info] Skipped identical attachment 'image-f146631a-9d47-46d9-8785-a46a559a33bb.png'.
[2026-08-07 09:06:50.666] [Info] Skipped identical attachment 'image-4d58408a-ed35-4449-8e73-a62130c95d98.png'.
[2026-08-07 09:06:51.215] [Info] Skipped identical attachment 'image-98075c2f-0d36-4bb4-a4f8-b58d76987df6.png'.
[2026-08-07 09:06:51.808] [Info] Skipped identical attachment 'image-14311ada-4769-4cc8-b13c-e7a818ef4953.png'.
[2026-08-07 09:06:52.808] [Info] Skipped identical attachment 'image-17794254-8d3b-4c69-a69f-4d4d532385b5.png'.
[2026-08-07 09:06:53.898] [Info] Skipped identical attachment 'image-0c816129-356e-49e9-a402-d50b43db6cad.png'.
[2026-08-07 09:06:53.907] [Warning] Skipped 1 unresolved attachment(s); affected pages keep their existing broken link(s): '/.attachments/image-f15f7ac0-d911-4cad-a7af-ea5f93fc68fc.png' on '/Requirement to Gap to Development Flow' was not found at '/.attachments/image-f15f7ac0-d911-4cad-a7af-ea5f93fc68fc.png' or in its Git history.
[2026-08-07 09:06:53.926] [Success] Attachment migration complete. Total: 15, Uploaded: 0, Repaired: 0, Skipped: 15.
[2026-08-07 09:06:54.071] [Info] Skipped '/Project Summary'.
[2026-08-07 09:06:54.178] [Info] Skipped '/Project Timeline (High Level)'.
[2026-08-07 09:06:54.754] [Info] Updated '/Project Stages'.
[2026-08-07 09:06:54.855] [Info] Skipped '/Work Item Definitions'.
[2026-08-07 09:06:54.971] [Info] Skipped '/Requirement to Gap to Development Flow'.
[2026-08-07 09:06:55.078] [Info] Skipped '/Environment Definitions'.
[2026-08-07 09:06:55.183] [Info] Skipped '/Dashboards & Purpose'.
[2026-08-07 09:06:55.711] [Info] Updated '/Project Stages/Project Initiation'.
[2026-08-07 09:06:55.871] [Info] Skipped '/Work Item Definitions/Bug Work Item'.
[2026-08-07 09:06:55.988] [Info] Skipped '/Project Stages/Design and Build'.
[2026-08-07 09:06:56.089] [Info] Skipped '/Work Item Definitions/Configuration Work Item'.
[2026-08-07 09:06:56.193] [Info] Skipped '/Project Stages/Deployment'.
[2026-08-07 09:06:56.351] [Info] Skipped '/Work Item Definitions/Data Migration Work Item'.
[2026-08-07 09:06:56.452] [Info] Skipped '/Project Stages/Go Live & Hypercare'.
[2026-08-07 09:06:56.561] [Info] Skipped '/Work Item Definitions/Decision Work Item'.
[2026-08-07 09:06:56.705] [Info] Skipped '/Project Stages/Stabilization - Should this be Maintain - that is what is in the PMO intro deck'.
[2026-08-07 09:06:56.822] [Info] Skipped '/Work Item Definitions/Deliverable Work Item'.
[2026-08-07 09:06:56.942] [Info] Skipped '/Work Item Definitions/GAP Work Item'.
[2026-08-07 09:06:57.060] [Info] Skipped '/Work Item Definitions/Issue Work Item'.
[2026-08-07 09:06:57.170] [Info] Skipped '/Work Item Definitions/Question Work Item'.
[2026-08-07 09:06:57.290] [Info] Skipped '/Work Item Definitions/Requirement Work Item'.
[2026-08-07 09:06:57.796] [Info] Updated '/Work Item Definitions/User Story Work Item'.
[2026-08-07 09:06:57.901] [Info] Skipped '/Work Item Definitions/Test Case Work Item'.
[2026-08-07 09:06:58.651] [Info] Updated '/Project Stages/Deployment/CRP - Conference Room Pilot'.
[2026-08-07 09:06:59.169] [Info] Updated '/Project Stages/Design and Build/Iterations'.
[2026-08-07 09:06:59.693] [Info] Updated '/Project Stages/Go Live & Hypercare/Hypercare'.
[2026-08-07 09:07:00.198] [Info] Updated '/Project Stages/Project Initiation/Questionnaire'.
[2026-08-07 09:07:00.352] [Info] Skipped '/Project Stages/Stabilization - Should this be Maintain - that is what is in the PMO intro deck/Phase 2'.
[2026-08-07 09:07:00.958] [Info] Updated '/Project Stages/Deployment/UAT - User Acceptance Testing'.
[2026-08-07 09:07:01.081] [Info] Skipped '/Project Stages/Design and Build/Test Management'.
[2026-08-07 09:07:01.583] [Info] Updated '/Project Stages/Project Initiation/Solution Validation'.
[2026-08-07 09:07:02.235] [Info] Updated '/Project Stages/Stabilization - Should this be Maintain - that is what is in the PMO intro deck/Transition to Managed Services'.
[2026-08-07 09:07:02.929] [Info] Updated '/Project Stages/Deployment/Performance Testing'.
[2026-08-07 09:07:03.084] [Info] Skipped '/Project Stages/Deployment/Mock Go Live'.
[2026-08-07 09:07:03.604] [Info] Updated '/Project Stages/Deployment/Cutover'.
[2026-08-07 09:07:04.132] [Info] Updated '/Project Stages/Design and Build/Iterations/Design and Build Tips for Success'.
[2026-08-07 09:07:04.284] [Info] Skipped '/Project Stages/Design and Build/Iterations/Workshops'.
[2026-08-07 09:07:04.310] [Info] Validating target page content.
[2026-08-07 09:07:08.404] [Success] Migration complete. Total: 37, Created: 0, Updated: 13, Skipped: 24.
