2026-08-04 12:05:59	SUCCESS	d6e6ea26-05de-4716-b960-cc2b1338f343	Query already exists at 'Shared Queries/Dashboard Queries/RAID/Open Actions' (target ID f8d7b048-4027-46a3-8ef2-429c931e73b7); recorded as complete without overwriting it.
2026-08-04 12:06:02	SUCCESS	c2390e7b-48e0-4775-b325-d84c26e6eba2	Query already exists at 'Shared Queries/Dashboard Queries/RAID/Open Risk' (target ID 96183710-9e08-42fe-bd6f-5b07919253ff); recorded as complete without overwriting it.
2026-08-04 12:07:52	SUCCESS	d6e6ea26-05de-4716-b960-cc2b1338f343	Already completed as 'Shared Queries/Dashboard Queries/RAID/Open Actions' (target ID f8d7b048-4027-46a3-8ef2-429c931e73b7); no changes made.
2026-08-04 12:07:54	SUCCESS	c2390e7b-48e0-4775-b325-d84c26e6eba2	Already completed as 'Shared Queries/Dashboard Queries/RAID/Open Risk' (target ID 96183710-9e08-42fe-bd6f-5b07919253ff); no changes made.
2026-08-04 12:08:40	SUCCESS	d6e6ea26-05de-4716-b960-cc2b1338f343	Already completed as 'Shared Queries/Dashboard Queries/RAID/Open Actions' (target ID f8d7b048-4027-46a3-8ef2-429c931e73b7); no changes made.
2026-08-04 12:08:41	SUCCESS	c2390e7b-48e0-4775-b325-d84c26e6eba2	Already completed as 'Shared Queries/Dashboard Queries/RAID/Open Risk' (target ID 96183710-9e08-42fe-bd6f-5b07919253ff); no changes made.
2026-08-04 12:10:11	SUCCESS	d6e6ea26-05de-4716-b960-cc2b1338f343	Already completed as 'Shared Queries/Dashboard Queries/RAID/Open Actions' (target ID f8d7b048-4027-46a3-8ef2-429c931e73b7); no changes made.
2026-08-04 12:10:12	SUCCESS	c2390e7b-48e0-4775-b325-d84c26e6eba2	Already completed as 'Shared Queries/Dashboard Queries/RAID/Open Risk' (target ID 96183710-9e08-42fe-bd6f-5b07919253ff); no changes made.
2026-08-04 12:10:33	SUCCESS	d6e6ea26-05de-4716-b960-cc2b1338f343	Already completed as 'Shared Queries/Dashboard Queries/RAID/Open Actions' (target ID f8d7b048-4027-46a3-8ef2-429c931e73b7); no changes made.
2026-08-04 12:10:33	SUCCESS	c2390e7b-48e0-4775-b325-d84c26e6eba2	Already completed as 'Shared Queries/Dashboard Queries/RAID/Open Risk' (target ID 96183710-9e08-42fe-bd6f-5b07919253ff); no changes made.
2026-08-04 12:12:46	SUCCESS	d6e6ea26-05de-4716-b960-cc2b1338f343	Already completed as 'Shared Queries/Dashboard Queries/RAID/Open Actions' (target ID f8d7b048-4027-46a3-8ef2-429c931e73b7); no changes made.
2026-08-04 12:12:49	SUCCESS	d8c88812-afc9-463a-9e06-c48abbf7e59c	Created 'Shared Queries/Dashboard Queries/RAID/Open Decisions' as target ID 9066b769-b003-402a-9e21-d9de3950ca85.
2026-08-04 12:12:52	SUCCESS	103ec698-8bc8-4ece-b7b6-e88ad1d9975a	Created 'Shared Queries/Dashboard Queries/RAID/Open Issue' as target ID 3118299f-9884-46ec-90bd-e223876ea34f.
2026-08-04 12:12:53	SUCCESS	c2390e7b-48e0-4775-b325-d84c26e6eba2	Already completed as 'Shared Queries/Dashboard Queries/RAID/Open Risk' (target ID 96183710-9e08-42fe-bd6f-5b07919253ff); no changes made.
2026-08-04 12:12:55	SUCCESS	7dedbc10-25d9-4240-895c-21d6bf3b975a	Created 'Shared Queries/Dashboard Queries/RAID/RAID Closed' as target ID 26370e25-96c5-46ea-8156-9289e5b42d0d.
2026-08-04 12:13:13	SUCCESS	d6e6ea26-05de-4716-b960-cc2b1338f343	Already completed as 'Shared Queries/Dashboard Queries/RAID/Open Actions' (target ID f8d7b048-4027-46a3-8ef2-429c931e73b7); no changes made.
2026-08-04 12:13:13	SUCCESS	d8c88812-afc9-463a-9e06-c48abbf7e59c	Already completed as 'Shared Queries/Dashboard Queries/RAID/Open Decisions' (target ID 9066b769-b003-402a-9e21-d9de3950ca85); no changes made.
2026-08-04 12:13:13	SUCCESS	103ec698-8bc8-4ece-b7b6-e88ad1d9975a	Already completed as 'Shared Queries/Dashboard Queries/RAID/Open Issue' (target ID 3118299f-9884-46ec-90bd-e223876ea34f); no changes made.
2026-08-04 12:13:13	SUCCESS	c2390e7b-48e0-4775-b325-d84c26e6eba2	Already completed as 'Shared Queries/Dashboard Queries/RAID/Open Risk' (target ID 96183710-9e08-42fe-bd6f-5b07919253ff); no changes made.
2026-08-04 12:13:13	SUCCESS	7dedbc10-25d9-4240-895c-21d6bf3b975a	Already completed as 'Shared Queries/Dashboard Queries/RAID/RAID Closed' (target ID 26370e25-96c5-46ea-8156-9289e5b42d0d); no changes made.
